Component: Arm Compiler for Embedded 6.18 Tool: armlink [5e4cc100]

==============================================================================

Section Cross References

    main.o(.text.main) refers to zf_common_clock.o(.text.clock_init) for clock_init
    main.o(.text.main) refers to zf_common_debug.o(.text.debug_init) for debug_init
    main.o(.text.main) refers to sensing_control.o(.text.Sensing_Control_Init) for Sensing_Control_Init
    main.o(.text.main) refers to motor_control.o(.text.Motor_Control_Init) for Motor_Control_Init
    main.o(.text.main) refers to zf_common_clock.o(.data.system_clock) for system_clock
    main.o(.text.main) refers to zf_driver_pit.o(.text.pit_init) for pit_init
    main.o(.text.main) refers to zf_driver_gpio.o(.text.gpio_init) for gpio_init
    main.o(.ARM.exidx.text.main) refers to main.o(.text.main) for [Anonymous Symbol]
    main.o(.text.Motor_pit_handler) refers to motor_control.o(.text.Gray_Control) for Gray_Control
    main.o(.ARM.exidx.text.Motor_pit_handler) refers to main.o(.text.Motor_pit_handler) for [Anonymous Symbol]
    main.o(.ARM.exidx.text.GET_pit_Control) refers to main.o(.text.GET_pit_Control) for [Anonymous Symbol]
    isr.o(.text.TIM1_UP_IRQHandler) refers to hal_tim.o(.text.TIM_GetInterruptStatus) for TIM_GetInterruptStatus
    isr.o(.text.TIM1_UP_IRQHandler) refers to hal_tim.o(.text.TIM_ClearInterruptStatus) for TIM_ClearInterruptStatus
    isr.o(.ARM.exidx.text.TIM1_UP_IRQHandler) refers to isr.o(.text.TIM1_UP_IRQHandler) for [Anonymous Symbol]
    isr.o(.text.TIM2_IRQHandler) refers to hal_tim.o(.text.TIM_GetInterruptStatus) for TIM_GetInterruptStatus
    isr.o(.text.TIM2_IRQHandler) refers to hal_tim.o(.text.TIM_ClearInterruptStatus) for TIM_ClearInterruptStatus
    isr.o(.ARM.exidx.text.TIM2_IRQHandler) refers to isr.o(.text.TIM2_IRQHandler) for [Anonymous Symbol]
    isr.o(.text.TIM3_IRQHandler) refers to hal_tim.o(.text.TIM_GetInterruptStatus) for TIM_GetInterruptStatus
    isr.o(.text.TIM3_IRQHandler) refers to hal_tim.o(.text.TIM_ClearInterruptStatus) for TIM_ClearInterruptStatus
    isr.o(.ARM.exidx.text.TIM3_IRQHandler) refers to isr.o(.text.TIM3_IRQHandler) for [Anonymous Symbol]
    isr.o(.text.TIM4_IRQHandler) refers to hal_tim.o(.text.TIM_GetInterruptStatus) for TIM_GetInterruptStatus
    isr.o(.text.TIM4_IRQHandler) refers to hal_tim.o(.text.TIM_ClearInterruptStatus) for TIM_ClearInterruptStatus
    isr.o(.ARM.exidx.text.TIM4_IRQHandler) refers to isr.o(.text.TIM4_IRQHandler) for [Anonymous Symbol]
    isr.o(.text.TIM5_IRQHandler) refers to hal_tim.o(.text.TIM_GetInterruptStatus) for TIM_GetInterruptStatus
    isr.o(.text.TIM5_IRQHandler) refers to hal_tim.o(.text.TIM_ClearInterruptStatus) for TIM_ClearInterruptStatus
    isr.o(.ARM.exidx.text.TIM5_IRQHandler) refers to isr.o(.text.TIM5_IRQHandler) for [Anonymous Symbol]
    isr.o(.text.TIM6_IRQHandler) refers to hal_tim.o(.text.TIM_GetInterruptStatus) for TIM_GetInterruptStatus
    isr.o(.text.TIM6_IRQHandler) refers to hal_tim.o(.text.TIM_ClearInterruptStatus) for TIM_ClearInterruptStatus
    isr.o(.ARM.exidx.text.TIM6_IRQHandler) refers to isr.o(.text.TIM6_IRQHandler) for [Anonymous Symbol]
    isr.o(.text.TIM7_IRQHandler) refers to hal_tim.o(.text.TIM_GetInterruptStatus) for TIM_GetInterruptStatus
    isr.o(.text.TIM7_IRQHandler) refers to hal_tim.o(.text.TIM_ClearInterruptStatus) for TIM_ClearInterruptStatus
    isr.o(.ARM.exidx.text.TIM7_IRQHandler) refers to isr.o(.text.TIM7_IRQHandler) for [Anonymous Symbol]
    isr.o(.text.TIM8_UP_IRQHandler) refers to main.o(.text.Motor_pit_handler) for Motor_pit_handler
    isr.o(.text.TIM8_UP_IRQHandler) refers to hal_tim.o(.text.TIM_GetInterruptStatus) for TIM_GetInterruptStatus
    isr.o(.text.TIM8_UP_IRQHandler) refers to hal_tim.o(.text.TIM_ClearInterruptStatus) for TIM_ClearInterruptStatus
    isr.o(.ARM.exidx.text.TIM8_UP_IRQHandler) refers to isr.o(.text.TIM8_UP_IRQHandler) for [Anonymous Symbol]
    isr.o(.text.UART1_IRQHandler) refers to hal_uart.o(.text.UART_GetInterruptStatus) for UART_GetInterruptStatus
    isr.o(.text.UART1_IRQHandler) refers to hal_uart.o(.text.UART_ClearInterruptStatus) for UART_ClearInterruptStatus
    isr.o(.text.UART1_IRQHandler) refers to zf_common_debug.o(.text.debug_interrupr_handler) for debug_interrupr_handler
    isr.o(.ARM.exidx.text.UART1_IRQHandler) refers to isr.o(.text.UART1_IRQHandler) for [Anonymous Symbol]
    isr.o(.text.UART2_IRQHandler) refers to hal_uart.o(.text.UART_GetInterruptStatus) for UART_GetInterruptStatus
    isr.o(.text.UART2_IRQHandler) refers to hal_uart.o(.text.UART_ClearInterruptStatus) for UART_ClearInterruptStatus
    isr.o(.ARM.exidx.text.UART2_IRQHandler) refers to isr.o(.text.UART2_IRQHandler) for [Anonymous Symbol]
    isr.o(.text.UART3_IRQHandler) refers to hal_uart.o(.text.UART_GetInterruptStatus) for UART_GetInterruptStatus
    isr.o(.text.UART3_IRQHandler) refers to hal_uart.o(.text.UART_ClearInterruptStatus) for UART_ClearInterruptStatus
[...]
    [Anonymous Symbol]                       0x08002600   Section        0  motor_control.o(.text.Read_Encoder2)
    [Anonymous Symbol]                       0x0800261c   Section        0  motor.o(.text.Right_Direction)
    [Anonymous Symbol]                       0x08002658   Section        0  motor_control.o(.text.SETPWM)
    [Anonymous Symbol]                       0x080026bc   Section        0  sensing_control.o(.text.Sensing_Control_Init)
    [Anonymous Symbol]                       0x080026e4   Section        0  system_mm32f5277e.o(.text.SystemInit)
    [Anonymous Symbol]                       0x08002760   Section        0  isr.o(.text.TIM1_UP_IRQHandler)
    [Anonymous Symbol]                       0x08002780   Section        0  isr.o(.text.TIM2_IRQHandler)
    [Anonymous Symbol]                       0x0800279c   Section        0  isr.o(.text.TIM3_IRQHandler)
    [Anonymous Symbol]                       0x080027bc   Section        0  isr.o(.text.TIM4_IRQHandler)
    [Anonymous Symbol]                       0x080027dc   Section        0  isr.o(.text.TIM5_IRQHandler)
    [Anonymous Symbol]                       0x080027fc   Section        0  isr.o(.text.TIM6_IRQHandler)
    [Anonymous Symbol]                       0x0800281c   Section        0  isr.o(.text.TIM7_IRQHandler)
    [Anonymous Symbol]                       0x0800283c   Section        0  isr.o(.text.TIM8_UP_IRQHandler)
    [Anonymous Symbol]                       0x08002860   Section        0  hal_tim.o(.text.TIM_ClearCounterValue)
    [Anonymous Symbol]                       0x08002870   Section        0  hal_tim.o(.text.TIM_ClearInterruptStatus)
    [Anonymous Symbol]                       0x08002884   Section        0  hal_tim.o(.text.TIM_DoSwTrigger)
    [Anonymous Symbol]                       0x08002894   Section        0  hal_tim.o(.text.TIM_EnableCompOutput)
    [Anonymous Symbol]                       0x08002938   Section        0  hal_tim.o(.text.TIM_EnableInputCapture)
    [Anonymous Symbol]                       0x080029dc   Section        0  hal_tim.o(.text.TIM_EnableInterrupts)
    [Anonymous Symbol]                       0x08002a0c   Section        0  hal_tim.o(.text.TIM_EnableOutputCompare)
    [Anonymous Symbol]                       0x08002abc   Section        0  hal_tim.o(.text.TIM_EnableOutputCompareSwitch)
    [Anonymous Symbol]                       0x08002aec   Section        0  hal_tim.o(.text.TIM_EnableSlaveMode)
    [Anonymous Symbol]                       0x08002b2c   Section        0  hal_tim.o(.text.TIM_GetCounterValue)
    [Anonymous Symbol]                       0x08002b38   Section        0  hal_tim.o(.text.TIM_GetInterruptStatus)
    [Anonymous Symbol]                       0x08002b44   Section        0  hal_tim.o(.text.TIM_Init)
    [Anonymous Symbol]                       0x08002c10   Section        0  hal_tim.o(.text.TIM_PutChannelValue)
    [Anonymous Symbol]                       0x08002c3c   Section        0  hal_tim.o(.text.TIM_Start)
    [Anonymous Symbol]                       0x08002c50   Section        0  isr.o(.text.UART1_IRQHandler)
    [Anonymous Symbol]                       0x08002ca0   Section        0  isr.o(.text.UART2_IRQHandler)
    [Anonymous Symbol]                       0x08002cec   Section        0  isr.o(.text.UART3_IRQHandler)
    [Anonymous Symbol]                       0x08002d38   Section        0  isr.o(.text.UART4_IRQHandler)
    [Anonymous Symbol]                       0x08002d88   Section        0  isr.o(.text.UART5_IRQHandler)
    [Anonymous Symbol]                       0x08002de0   Section        0  isr.o(.text.UART6_IRQHandler)
    [Anonymous Symbol]                       0x08002e3c   Section        0  isr.o(.text.UART7_IRQHandler)
    [Anonymous Symbol]                       0x08002e88   Section        0  hal_uart.o(.text.UART_ClearInterruptStatus)
    [Anonymous Symbol]                       0x08002e98   Section        0  hal_uart.o(.text.UART_Enable)
    [Anonymous Symbol]                       0x08002ec8   Section        0  hal_uart.o(.text.UART_EnableInterrupts)
    [Anonymous Symbol]                       0x08002ef8   Section        0  hal_uart.o(.text.UART_GetData)
    [Anonymous Symbol]                       0x08002f08   Section        0  hal_uart.o(.text.UART_GetInterruptStatus)
    [Anonymous Symbol]                       0x08002f14   Section        0  hal_uart.o(.text.UART_GetStatus)
    [Anonymous Symbol]                       0x08002f20   Section        0  hal_uart.o(.text.UART_Init)
    [Anonymous Symbol]                       0x08003000   Section        0  hal_uart.o(.text.UART_PutData)
    _TIM_WriteChannelCtrlReg                 0x08003015   Thumb Code   126  hal_tim.o(.text._TIM_WriteChannelCtrlReg)
    [Anonymous Symbol]                       0x08003014   Section        0  hal_tim.o(.text._TIM_WriteChannelCtrlReg)
    __NVIC_DisableIRQ                        0x08003095   Thumb Code    56  zf_common_interrupt.o(.text.__NVIC_DisableIRQ)
    [Anonymous Symbol]                       0x08003094   Section        0  zf_common_interrupt.o(.text.__NVIC_DisableIRQ)
    __NVIC_EnableIRQ                         0x080030cd   Thumb Code    48  zf_common_interrupt.o(.text.__NVIC_EnableIRQ)
    [Anonymous Symbol]                       0x080030cc   Section        0  zf_common_interrupt.o(.text.__NVIC_EnableIRQ)
    __NVIC_SetPriorityGrouping               0x080030fd   Thumb Code    60  zf_common_interrupt.o(.text.__NVIC_SetPriorityGrouping)
    [Anonymous Symbol]                       0x080030fc   Section        0  zf_common_interrupt.o(.text.__NVIC_SetPriorityGrouping)
    [Anonymous Symbol]                       0x08003138   Section        0  zf_driver_adc.o(.text.adc_init)
    [Anonymous Symbol]                       0x08003258   Section        0  zf_driver_gpio.o(.text.afio_init)
    [Anonymous Symbol]                       0x080033a0   Section        0  zf_common_clock.o(.text.clock_init)
    clock_reset                              0x080033bd   Thumb Code   116  zf_common_clock.o(.text.clock_reset)
    [Anonymous Symbol]                       0x080033bc   Section        0  zf_common_clock.o(.text.clock_reset)
    clock_set_freq                           0x08003431   Thumb Code  1384  zf_common_clock.o(.text.clock_set_freq)
    [Anonymous Symbol]                       0x08003430   Section        0  zf_common_clock.o(.text.clock_set_freq)
    [Anonymous Symbol]                       0x08003998   Section        0  zf_common_debug.o(.text.debug_assert_handler)
    debug_delay                              0x08003a05   Thumb Code    64  zf_common_debug.o(.text.debug_delay)
    [Anonymous Symbol]                       0x08003a04   Section        0  zf_common_debug.o(.text.debug_delay)
    [Anonymous Symbol]                       0x08003a44   Section        0  zf_common_debug.o(.text.debug_init)
    [Anonymous Symbol]                       0x08003a98   Section        0  zf_common_debug.o(.text.debug_interrupr_handler)
    debug_output                             0x08003ad1   Thumb Code   944  zf_common_debug.o(.text.debug_output)
    [Anonymous Symbol]                       0x08003ad0   Section        0  zf_common_debug.o(.text.debug_output)
    [Anonymous Symbol]                       0x08003e80   Section        0  zf_common_debug.o(.text.debug_output_init)
    [Anonymous Symbol]                       0x08003ecc   Section        0  zf_common_debug.o(.text.debug_output_struct_init)
    debug_protective_handler                 0x08003efd   Thumb Code   250  zf_common_debug.o(.text.debug_protective_handler)
    [Anonymous Symbol]                       0x08003efc   Section        0  zf_common_debug.o(.text.debug_protective_handler)
    debug_uart_str_output                    0x08003ff9   Thumb Code    18  zf_common_debug.o(.text.debug_uart_str_output)
    [Anonymous Symbol]                       0x08003ff8   Section        0  zf_common_debug.o(.text.debug_uart_str_output)
    [Anonymous Symbol]                       0x0800400c   Section        0  zf_device_dm1xa.o(.text.dm1xa_light_callback)
    [Anonymous Symbol]                       0x08004048   Section        0  zf_device_dm1xa.o(.text.dm1xa_sound_callback)
    [Anonymous Symbol]                       0x08004160   Section        0  zf_driver_encoder.o(.text.encoder_clear_count)
    [Anonymous Symbol]                       0x080041e4   Section        0  zf_driver_encoder.o(.text.encoder_get_count)
    [Anonymous Symbol]                       0x080042c4   Section        0  zf_driver_encoder.o(.text.encoder_quad_init)
    [Anonymous Symbol]                       0x080044ec   Section        0  zf_common_fifo.o(.text.fifo_clear)
    fifo_end_offset                          0x08004595   Thumb Code    46  zf_common_fifo.o(.text.fifo_end_offset)
    [Anonymous Symbol]                       0x08004594   Section        0  zf_common_fifo.o(.text.fifo_end_offset)
    fifo_head_offset                         0x080045c5   Thumb Code    46  zf_common_fifo.o(.text.fifo_head_offset)
    [Anonymous Symbol]                       0x080045c4   Section        0  zf_common_fifo.o(.text.fifo_head_offset)
    [Anonymous Symbol]                       0x080045f4   Section        0  zf_common_fifo.o(.text.fifo_init)
    [Anonymous Symbol]                       0x08004664   Section        0  zf_common_fifo.o(.text.fifo_read_buffer)
    [Anonymous Symbol]                       0x08004854   Section        0  zf_common_fifo.o(.text.fifo_used)
    [Anonymous Symbol]                       0x0800487c   Section        0  zf_common_fifo.o(.text.fifo_write_buffer)
    [Anonymous Symbol]                       0x08004a78   Section        0  zf_common_debug.o(.text.fputc)
    [Anonymous Symbol]                       0x08004aa0   Section        0  zf_common_function.o(.text.func_get_greatest_common_divisor)
    [Anonymous Symbol]                       0x08004ae4   Section        0  zf_driver_gpio.o(.text.gpio_get_level)
    [Anonymous Symbol]                       0x08004b14   Section        0  zf_driver_gpio.o(.text.gpio_init)
    [Anonymous Symbol]                       0x08004c9c   Section        0  zf_driver_gpio.o(.text.gpio_set_level)
    [Anonymous Symbol]                       0x08004cfc   Section        0  zf_device_gps_tau1201.o(.text.gps_uart_callback)
    gw_gray_delay                            0x08004e39   Thumb Code    16  graysensor.o(.text.gw_gray_delay)
    [Anonymous Symbol]                       0x08004e38   Section        0  graysensor.o(.text.gw_gray_delay)
    [Anonymous Symbol]                       0x08004e48   Section        0  graysensor.o(.text.gw_gray_init)
    [Anonymous Symbol]                       0x08004e6c   Section        0  graysensor.o(.text.gw_gray_serial_read)
    [Anonymous Symbol]                       0x08004ed8   Section        0  zf_common_interrupt.o(.text.interrupt_disable)
    [Anonymous Symbol]                       0x08004eec   Section        0  zf_common_interrupt.o(.text.interrupt_enable)
    [Anonymous Symbol]                       0x08004f00   Section        0  zf_common_interrupt.o(.text.interrupt_global_disable)
    [Anonymous Symbol]                       0x08004f24   Section        0  zf_common_interrupt.o(.text.interrupt_init)
    [Anonymous Symbol]                       0x08004f30   Section        0  main.o(.text.main)
    [Anonymous Symbol]                       0x08004f88   Section        0  zf_driver_pit.o(.text.pit_enable)
    [Anonymous Symbol]                       0x0800505c   Section        0  zf_driver_pit.o(.text.pit_init)
    [Anonymous Symbol]                       0x08005208   Section        0  zf_driver_pwm.o(.text.pwm_init)
    [Anonymous Symbol]                       0x080054a8   Section        0  zf_driver_pwm.o(.text.pwm_set_duty)
    [Anonymous Symbol]                       0x08005604   Section        0  zf_driver_delay.o(.text.system_delay_init)
    [Anonymous Symbol]                       0x08005640   Section        0  zf_driver_delay.o(.text.system_delay_ms)
    [Anonymous Symbol]                       0x080056c4   Section        0  zf_driver_delay.o(.text.system_delay_us)
    [Anonymous Symbol]                       0x08005740   Section        0  zf_driver_timer.o(.text.timer_clear)
    [Anonymous Symbol]                       0x080057e4   Section        0  zf_driver_timer.o(.text.timer_clock_enable)
    [Anonymous Symbol]                       0x0800585c   Section        0  zf_driver_timer.o(.text.timer_funciton_check)
    [Anonymous Symbol]                       0x080058c4   Section        0  zf_driver_timer.o(.text.timer_get)
    type_default_callback                    0x080059a5   Thumb Code     2  zf_device_type.o(.text.type_default_callback)
    [Anonymous Symbol]                       0x080059a4   Section        0  zf_device_type.o(.text.type_default_callback)
    [Anonymous Symbol]                       0x080059a8   Section        0  zf_driver_uart.o(.text.uart_init)
    [Anonymous Symbol]                       0x08005aa0   Section        0  zf_driver_uart.o(.text.uart_query_byte)
    [Anonymous Symbol]                       0x08005b0c   Section        0  zf_driver_uart.o(.text.uart_rx_interrupt)
    [Anonymous Symbol]                       0x08005b9c   Section        0  zf_driver_uart.o(.text.uart_write_byte)
    [Anonymous Symbol]                       0x08005be4   Section        0  zf_driver_uart.o(.text.uart_write_string)
    i.__0printf                              0x08005c24   Section        0  printfa.o(i.__0printf)
    i.__0sprintf                             0x08005c44   Section        0  printfa.o(i.__0sprintf)
    i.__scatterload_copy                     0x08005c6c   Section       14  handlers.o(i.__scatterload_copy)
    i.__scatterload_null                     0x08005c7a   Section        2  handlers.o(i.__scatterload_null)
    i.__scatterload_zeroinit                 0x08005c7c   Section       14  handlers.o(i.__scatterload_zeroinit)
    _fp_digits                               0x08005c8d   Thumb Code   366  printfa.o(i._fp_digits)
    i._fp_digits                             0x08005c8c   Section        0  printfa.o(i._fp_digits)
    _printf_core                             0x08005e11   Thumb Code  1744  printfa.o(i._printf_core)
    i._printf_core                           0x08005e10   Section        0  printfa.o(i._printf_core)
    _printf_post_padding                     0x080064ed   Thumb Code    36  printfa.o(i._printf_post_padding)
    i._printf_post_padding                   0x080064ec   Section        0  printfa.o(i._printf_post_padding)
    _printf_pre_padding                      0x08006511   Thumb Code    46  printfa.o(i._printf_pre_padding)
    i._printf_pre_padding                    0x08006510   Section        0  printfa.o(i._printf_pre_padding)
    _sputc                                   0x0800653f   Thumb Code    10  printfa.o(i._sputc)
    i._sputc                                 0x0800653e   Section        0  printfa.o(i._sputc)
    .L__const.debug_protective_handler.pin_list 0x08006548   Data         316  zf_common_debug.o(.rodata..L__const.debug_protective_handler.pin_list)
    .L.str                                   0x08006684   Data           5  motor_control.o(.rodata.str1.1)
    [Anonymous Symbol]                       0x08006684   Section        0  motor_control.o(.rodata.str1.1)
    .L.str.1                                 0x08006689   Data          10  motor_control.o(.rodata.str1.1)
    .L.str.10                                0x08006693   Data          21  zf_common_debug.o(.rodata.str1.1)
    [Anonymous Symbol]                       0x08006693   Section        0  zf_common_debug.o(.rodata.str1.1)
    .L.str.1                                 0x080066a0   Data          12  zf_common_debug.o(.rodata.str1.1)
    .L.str.9                                 0x080066a8   Data          25  zf_common_debug.o(.rodata.str1.1)
    .L.str.2                                 0x080066ac   Data           2  zf_common_debug.o(.rodata.str1.1)
    .L.str.3                                 0x080066ae   Data           2  zf_common_debug.o(.rodata.str1.1)
    .L.str.4                                 0x080066b0   Data           2  zf_common_debug.o(.rodata.str1.1)
    .L.str.5                                 0x080066b2   Data           3  zf_common_debug.o(.rodata.str1.1)
    .L.str.8                                 0x080066c1   Data           9  zf_common_debug.o(.rodata.str1.1)
    .L.str                                   0x080066ca   Data          13  zf_common_debug.o(.rodata.str1.1)
    .L.str.6                                 0x080066d7   Data           9  zf_common_debug.o(.rodata.str1.1)
    .L.str.7                                 0x080066e0   Data          13  zf_common_debug.o(.rodata.str1.1)
    .L.str                                   0x080066ed   Data          43  zf_common_fifo.o(.rodata.str1.1)
    [Anonymous Symbol]                       0x080066ed   Section        0  zf_common_fifo.o(.rodata.str1.1)
    .L.str                                   0x08006718   Data          46  zf_driver_encoder.o(.rodata.str1.1)
    [Anonymous Symbol]                       0x08006718   Section        0  zf_driver_encoder.o(.rodata.str1.1)
    .L.str                                   0x08006746   Data          43  zf_driver_gpio.o(.rodata.str1.1)
    [Anonymous Symbol]                       0x08006746   Section        0  zf_driver_gpio.o(.rodata.str1.1)
    .L.str                                   0x08006771   Data          42  zf_driver_pit.o(.rodata.str1.1)
    [Anonymous Symbol]                       0x08006771   Section        0  zf_driver_pit.o(.rodata.str1.1)
    .L.str                                   0x0800679b   Data          42  zf_driver_pwm.o(.rodata.str1.1)
    [Anonymous Symbol]                       0x0800679b   Section        0  zf_driver_pwm.o(.rodata.str1.1)
    .L.str                                   0x080067c5   Data          43  zf_driver_uart.o(.rodata.str1.1)
    [Anonymous Symbol]                       0x080067c5   Section        0  zf_driver_uart.o(.rodata.str1.1)
    .L.str.1                                 0x080067f0   Data           4  zf_device_gps_tau1201.o(.rodata.str1.1)
    [Anonymous Symbol]                       0x080067f0   Section        0  zf_device_gps_tau1201.o(.rodata.str1.1)
    .L.str                                   0x080067f4   Data           4  zf_device_gps_tau1201.o(.rodata.str1.1)
    .data                                    0x30000000   Section        4  stdout.o(.data)
    adc_index                                0x30000010   Data           8  zf_driver_adc.o(.data.adc_index)
    [Anonymous Symbol]                       0x30000010   Section        0  zf_driver_adc.o(.data.adc_index)
    dm1xa_distance_mm                        0x30000028   Data           2  zf_device_dm1xa.o(.data.dm1xa_distance_mm)
    [Anonymous Symbol]                       0x30000028   Section        0  zf_device_dm1xa.o(.data.dm1xa_distance_mm)
    encoder_dir_pin                          0x3000002a   Data           8  zf_driver_encoder.o(.data.encoder_dir_pin)
    [Anonymous Symbol]                       0x3000002a   Section        0  zf_driver_encoder.o(.data.encoder_dir_pin)
    uart_index                               0x3000005c   Data          28  zf_driver_uart.o(.data.uart_index)
    [Anonymous Symbol]                       0x3000005c   Section        0  zf_driver_uart.o(.data.uart_index)
    uart_irq                                 0x30000078   Data           7  zf_driver_uart.o(.data.uart_irq)
    [Anonymous Symbol]                       0x30000078   Section        0  zf_driver_uart.o(.data.uart_irq)
    zf_debug_assert_enable                   0x30000084   Data           1  zf_common_debug.o(.data.zf_debug_assert_enable)
    [Anonymous Symbol]                       0x30000084   Section        0  zf_common_debug.o(.data.zf_debug_assert_enable)
    Gray_Control.Encoder_Value_L             0x30000088   Data           4  motor_control.o(.bss.Gray_Control.Encoder_Value_L)
    [Anonymous Symbol]                       0x30000088   Section        0  motor_control.o(.bss.Gray_Control.Encoder_Value_L)
    Gray_Control.Encoder_Value_R             0x3000008c   Data           4  motor_control.o(.bss.Gray_Control.Encoder_Value_R)
    [Anonymous Symbol]                       0x3000008c   Section        0  motor_control.o(.bss.Gray_Control.Encoder_Value_R)
    Gray_Control.i                           0x30000090   Data           4  motor_control.o(.bss.Gray_Control.i)
    [Anonymous Symbol]                       0x30000090   Section        0  motor_control.o(.bss.Gray_Control.i)
    adc_resolution                           0x30000094   Data           2  zf_driver_adc.o(.bss.adc_resolution)
    [Anonymous Symbol]                       0x30000094   Section        0  zf_driver_adc.o(.bss.adc_resolution)
    debug_assert_handler.assert_nest_index   0x30000096   Data           1  zf_common_debug.o(.bss.debug_assert_handler.assert_nest_index)
    [Anonymous Symbol]                       0x30000096   Section        0  zf_common_debug.o(.bss.debug_assert_handler.assert_nest_index)
    debug_output_info                        0x30000098   Data          20  zf_common_debug.o(.bss.debug_output_info)
    [Anonymous Symbol]                       0x30000098   Section        0  zf_common_debug.o(.bss.debug_output_info)
    dm1xa_plus_count                         0x30000108   Data           4  zf_device_dm1xa.o(.bss.dm1xa_plus_count)
    [Anonymous Symbol]                       0x30000108   Section        0  zf_device_dm1xa.o(.bss.dm1xa_plus_count)
    dm1xa_ranging_state                      0x3000010c   Data           1  zf_device_dm1xa.o(.bss.dm1xa_ranging_state)
    [Anonymous Symbol]                       0x3000010c   Section        0  zf_device_dm1xa.o(.bss.dm1xa_ranging_state)
    dm1xa_type                               0x3000010d   Data           1  zf_device_dm1xa.o(.bss.dm1xa_type)
    [Anonymous Symbol]                       0x3000010d   Section        0  zf_device_dm1xa.o(.bss.dm1xa_type)
    gps_gga_buffer                           0x30000118   Data         128  zf_device_gps_tau1201.o(.bss.gps_gga_buffer)
    [Anonymous Symbol]                       0x30000118   Section        0  zf_device_gps_tau1201.o(.bss.gps_gga_buffer)
    gps_rmc_buffer                           0x30000199   Data         128  zf_device_gps_tau1201.o(.bss.gps_rmc_buffer)
    [Anonymous Symbol]                       0x30000199   Section        0  zf_device_gps_tau1201.o(.bss.gps_rmc_buffer)
    gps_tau1201_receiver_fifo                0x3000021c   Data          24  zf_device_gps_tau1201.o(.bss.gps_tau1201_receiver_fifo)
    [Anonymous Symbol]                       0x3000021c   Section        0  zf_device_gps_tau1201.o(.bss.gps_tau1201_receiver_fifo)
    gps_tau1201_state                        0x30000234   Data           1  zf_device_gps_tau1201.o(.bss.gps_tau1201_state)
    [Anonymous Symbol]                       0x30000234   Section        0  zf_device_gps_tau1201.o(.bss.gps_tau1201_state)
    interrupt_nest_count                     0x30000238   Data           4  zf_common_interrupt.o(.bss.interrupt_nest_count)
    [Anonymous Symbol]                       0x30000238   Section        0  zf_common_interrupt.o(.bss.interrupt_nest_count)
    timer_mode_state                         0x30000248   Data           8  zf_driver_timer.o(.bss.timer_mode_state)
    [Anonymous Symbol]                       0x30000248   Section        0  zf_driver_timer.o(.bss.timer_mode_state)
    uart_interrupt_state                     0x30000250   Data           7  zf_driver_uart.o(.bss.uart_interrupt_state)
    [Anonymous Symbol]                       0x30000250   Section        0  zf_driver_uart.o(.bss.uart_interrupt_state)
    zf_debug_init_flag                       0x30000257   Data           1  zf_common_debug.o(.bss.zf_debug_init_flag)
    [Anonymous Symbol]                       0x30000257   Section        0  zf_common_debug.o(.bss.zf_debug_init_flag)

    Global Symbols

    Symbol Name                              Value     Ov Type        Size  Object(Section)

    BuildAttributes$$THM_ISAv4$E$P$D$K$B$S$7EM$8M$VFPi5$EXTD16$VFPS$VFMA$PE$A:L22UL41UL21$X:L11$S22US41US21$IEEE1$IW$USESV6$~STKCKD$USESV7$~SHL$OTIME$ROPI$IEEEX$EBA8$UX$MICROLIB$REQ8$EABIv2 0x00000000   Number         0  anon$$obj.o ABSOLUTE
    SHT$$ARM_EXIDX$$Base                      - Undefined Reference
    SHT$$ARM_EXIDX$$Limit                     - Undefined Reference
    __arm_find_exidx_section                  - Undefined Weak Reference
    __cpp_initialize__aeabi_                  - Undefined Weak Reference
    __cxa_finalize                            - Undefined Weak Reference
    __decompress                              - Undefined Weak Reference
    _clock_init                               - Undefined Weak Reference
    _microlib_exit                            - Undefined Weak Reference
    __Vectors_Size                           0x0000093c   Number         0  startup_mm32f5277e.o ABSOLUTE
    __Vectors                                0x08000000   Number      2364  startup_mm32f5277e.o(RESET)
    __Vectors_End                            0x0800093c   Number         0  startup_mm32f5277e.o(RESET)
    __main                                   0x0800093d   Thumb Code     0  entry.o(.ARM.Collect$$$$00000000)
    _main_stk                                0x0800093d   Thumb Code     0  entry4.o(.ARM.Collect$$$$00000003)
    _main_scatterload                        0x08000941   Thumb Code     0  entry5.o(.ARM.Collect$$$$00000004)
    __main_after_scatterload                 0x08000945   Thumb Code     0  entry5.o(.ARM.Collect$$$$00000004)
    _main_clock                              0x08000945   Thumb Code     0  entry7b.o(.ARM.Collect$$$$00000008)
    _main_cpp_init                           0x08000945   Thumb Code     0  entry8b.o(.ARM.Collect$$$$0000000A)
    _main_init                               0x08000945   Thumb Code     0  entry9a.o(.ARM.Collect$$$$0000000B)
    __rt_final_cpp                           0x0800094d   Thumb Code     0  entry10a.o(.ARM.Collect$$$$0000000D)
    __rt_final_exit                          0x0800094d   Thumb Code     0  entry11a.o(.ARM.Collect$$$$0000000F)
    Reset_Handler                            0x08000951   Thumb Code    24  startup_mm32f5277e.o(.text)
    HardFault_Handler                        0x08000969   Thumb Code     2  startup_mm32f5277e.o(.text)
    ADC1_2_IRQHandler                        0x0800096b   Thumb Code     2  startup_mm32f5277e.o(.text)
    BKP_TAMPER_IRQHandler                    0x0800096b   Thumb Code     2  startup_mm32f5277e.o(.text)
    BusFault_Handler                         0x0800096b   Thumb Code     2  startup_mm32f5277e.o(.text)
    COMP_IRQHandler                          0x0800096b   Thumb Code     2  startup_mm32f5277e.o(.text)
    DebugMon_Handler                         0x0800096b   Thumb Code     2  startup_mm32f5277e.o(.text)
    Default_Handler                          0x0800096b   Thumb Code     2  startup_mm32f5277e.o(.text)
    ENET_IRQHandler                          0x0800096b   Thumb Code     2  startup_mm32f5277e.o(.text)
    ENET_WKUP_IRQHandler                     0x0800096b   Thumb Code     2  startup_mm32f5277e.o(.text)
    FLASH_IRQHandler                         0x0800096b   Thumb Code     2  startup_mm32f5277e.o(.text)
    FlexCAN1_IRQHandler                      0x0800096b   Thumb Code     2  startup_mm32f5277e.o(.text)
    FlexCAN2_IRQHandler                      0x0800096b   Thumb Code     2  startup_mm32f5277e.o(.text)
    I2C1_IRQHandler                          0x0800096b   Thumb Code     2  startup_mm32f5277e.o(.text)
    I2C2_IRQHandler                          0x0800096b   Thumb Code     2  startup_mm32f5277e.o(.text)
    LPTIM_IRQHandler                         0x0800096b   Thumb Code     2  startup_mm32f5277e.o(.text)
    LPUART_IRQHandler                        0x0800096b   Thumb Code     2  startup_mm32f5277e.o(.text)
    MemManage_Handler                        0x0800096b   Thumb Code     2  startup_mm32f5277e.o(.text)
    NMI_Handler                              0x0800096b   Thumb Code     2  startup_mm32f5277e.o(.text)
    PVD_IRQHandler                           0x0800096b   Thumb Code     2  startup_mm32f5277e.o(.text)
    PendSV_Handler                           0x0800096b   Thumb Code     2  startup_mm32f5277e.o(.text)
    QSPI_IRQHandler                          0x0800096b   Thumb Code     2  startup_mm32f5277e.o(.text)
    RCC_CRS_IRQHandler                       0x0800096b   Thumb Code     2  startup_mm32f5277e.o(.text)
    RTC_ALR_IRQHandler                       0x0800096b   Thumb Code     2  startup_mm32f5277e.o(.text)
    RTC_IRQHandler                           0x0800096b   Thumb Code     2  startup_mm32f5277e.o(.text)
    SPI1_IRQHandler                          0x0800096b   Thumb Code     2  startup_mm32f5277e.o(.text)
    SPI2_IRQHandler                          0x0800096b   Thumb Code     2  startup_mm32f5277e.o(.text)
    SPI3_IRQHandler                          0x0800096b   Thumb Code     2  startup_mm32f5277e.o(.text)
    SVC_Handler                              0x0800096b   Thumb Code     2  startup_mm32f5277e.o(.text)
    SecureFault_Handler                      0x0800096b   Thumb Code     2  startup_mm32f5277e.o(.text)
    SysTick_Handler                          0x0800096b   Thumb Code     2  startup_mm32f5277e.o(.text)
    TIM1_BRK_IRQHandler                      0x0800096b   Thumb Code     2  startup_mm32f5277e.o(.text)
    TIM1_CC_IRQHandler                       0x0800096b   Thumb Code     2  startup_mm32f5277e.o(.text)
    TIM1_TRG_COM_IRQHandler                  0x0800096b   Thumb Code     2  startup_mm32f5277e.o(.text)
    TIM8_BRK_IRQHandler                      0x0800096b   Thumb Code     2  startup_mm32f5277e.o(.text)
    TIM8_CC_IRQHandler                       0x0800096b   Thumb Code     2  startup_mm32f5277e.o(.text)
    TIM8_TRG_COM_IRQHandler                  0x0800096b   Thumb Code     2  startup_mm32f5277e.o(.text)
    USB_FS_IRQHandler                        0x0800096b   Thumb Code     2  startup_mm32f5277e.o(.text)
    USB_WKUP_IRQHandler                      0x0800096b   Thumb Code     2  startup_mm32f5277e.o(.text)
    UsageFault_Handler                       0x0800096b   Thumb Code     2  startup_mm32f5277e.o(.text)
    WWDG_IWDG_IRQHandler                     0x0800096b   Thumb Code     2  startup_mm32f5277e.o(.text)
    __aeabi_memcpy                           0x08000975   Thumb Code    36  memcpya.o(.text)
    __aeabi_memcpy4                          0x08000975   Thumb Code     0  memcpya.o(.text)
    __aeabi_memcpy8                          0x08000975   Thumb Code     0  memcpya.o(.text)
    __aeabi_memset                           0x08000999   Thumb Code    14  memseta.o(.text)
    __aeabi_memset4                          0x08000999   Thumb Code     0  memseta.o(.text)
    __aeabi_memset8                          0x08000999   Thumb Code     0  memseta.o(.text)
    __aeabi_memclr                           0x080009a7   Thumb Code     4  memseta.o(.text)
    __aeabi_memclr4                          0x080009a7   Thumb Code     0  memseta.o(.text)
    __aeabi_memclr8                          0x080009a7   Thumb Code     0  memseta.o(.text)
    _memset$wrapper                          0x080009ab   Thumb Code    18  memseta.o(.text)
    strlen                                   0x080009bd   Thumb Code    14  strlen.o(.text)
    strncmp                                  0x080009cb   Thumb Code    30  strncmp.o(.text)
    __aeabi_dadd                             0x080009e9   Thumb Code   322  dadd.o(.text)
    __aeabi_dsub                             0x08000b2b   Thumb Code     6  dadd.o(.text)
    __aeabi_drsub                            0x08000b31   Thumb Code     6  dadd.o(.text)
    __aeabi_dmul                             0x08000b37   Thumb Code   228  dmul.o(.text)
    __aeabi_ddiv                             0x08000c1b   Thumb Code   222  ddiv.o(.text)
    __aeabi_d2iz                             0x08000cf9   Thumb Code    62  dfixi.o(.text)
    __aeabi_f2d                              0x08000d37   Thumb Code    38  f2d.o(.text)
    __aeabi_uidiv                            0x08000d5d   Thumb Code     0  uidiv.o(.text)
    __aeabi_uidivmod                         0x08000d5d   Thumb Code    44  uidiv.o(.text)
    __aeabi_uldivmod                         0x08000d89   Thumb Code    98  uldiv.o(.text)
    __aeabi_llsl                             0x08000deb   Thumb Code    30  llshl.o(.text)
    _ll_shift_l                              0x08000deb   Thumb Code     0  llshl.o(.text)
    __aeabi_llsr                             0x08000e09   Thumb Code    32  llushr.o(.text)
    _ll_ushift_r                             0x08000e09   Thumb Code     0  llushr.o(.text)
    __aeabi_lasr                             0x08000e29   Thumb Code    36  llsshr.o(.text)
    _ll_sshift_r                             0x08000e29   Thumb Code     0  llsshr.o(.text)
    __I$use$fp                               0x08000e4d   Thumb Code     0  iusefp.o(.text)
    _double_round                            0x08000e4d   Thumb Code    30  depilogue.o(.text)
    _double_epilogue                         0x08000e6b   Thumb Code   156  depilogue.o(.text)
    __aeabi_d2ulz                            0x08000f07   Thumb Code    48  dfixul.o(.text)
    __aeabi_cdrcmple                         0x08000f39   Thumb Code    48  cdrcmple.o(.text)
    __scatterload                            0x08000f69   Thumb Code    28  init.o(.text)
    __scatterload_rt2                        0x08000f69   Thumb Code     0  init.o(.text)
    ADC_DoAutoCalib                          0x08000f8d   Thumb Code    42  hal_adc.o(.text.ADC_DoAutoCalib)
    ADC_Enable                               0x08000fb9   Thumb Code    46  hal_adc.o(.text.ADC_Enable)
    ADC_EnableTempSensor                     0x08000fe9   Thumb Code    46  hal_adc.o(.text.ADC_EnableTempSensor)
    ADC_EnableVoltSensor                     0x08001019   Thumb Code    46  hal_adc.o(.text.ADC_EnableVoltSensor)
    ADC_Init                                 0x08001049   Thumb Code   184  hal_adc.o(.text.ADC_Init)
    ADC_Use_Init                             0x08001101   Thumb Code    76  adc_use.o(.text.ADC_Use_Init)
    DMA1_CH1_IRQHandler                      0x0800114d   Thumb Code   120  isr.o(.text.DMA1_CH1_IRQHandler)
    DMA1_CH2_IRQHandler                      0x080011c5   Thumb Code   120  isr.o(.text.DMA1_CH2_IRQHandler)
    DMA1_CH3_IRQHandler                      0x0800123d   Thumb Code   120  isr.o(.text.DMA1_CH3_IRQHandler)
    DMA1_CH4_IRQHandler                      0x080012b5   Thumb Code   132  isr.o(.text.DMA1_CH4_IRQHandler)
    DMA1_CH5_IRQHandler                      0x08001339   Thumb Code   120  isr.o(.text.DMA1_CH5_IRQHandler)
    DMA1_CH6_IRQHandler                      0x080013b1   Thumb Code   120  isr.o(.text.DMA1_CH6_IRQHandler)
    DMA1_CH7_IRQHandler                      0x08001429   Thumb Code   120  isr.o(.text.DMA1_CH7_IRQHandler)
    DMA1_CH8_IRQHandler                      0x080014a1   Thumb Code   120  isr.o(.text.DMA1_CH8_IRQHandler)
    DMA2_CH1_IRQHandler                      0x08001519   Thumb Code   132  isr.o(.text.DMA2_CH1_IRQHandler)
    DMA2_CH2_IRQHandler                      0x0800159d   Thumb Code   132  isr.o(.text.DMA2_CH2_IRQHandler)
    DMA2_CH3_IRQHandler                      0x08001621   Thumb Code   132  isr.o(.text.DMA2_CH3_IRQHandler)
    DMA2_CH4_IRQHandler                      0x080016a5   Thumb Code   132  isr.o(.text.DMA2_CH4_IRQHandler)
    DMA2_CH5_IRQHandler                      0x08001729   Thumb Code   132  isr.o(.text.DMA2_CH5_IRQHandler)
    DMA2_CH6_IRQHandler                      0x080017ad   Thumb Code   132  isr.o(.text.DMA2_CH6_IRQHandler)
    DMA2_CH7_IRQHandler                      0x08001831   Thumb Code   132  isr.o(.text.DMA2_CH7_IRQHandler)
    DMA2_CH8_IRQHandler                      0x080018b5   Thumb Code   132  isr.o(.text.DMA2_CH8_IRQHandler)
    DMA_ClearChannelInterruptStatus          0x08001939   Thumb Code    28  hal_dma.o(.text.DMA_ClearChannelInterruptStatus)
    DMA_GetChannelInterruptStatus            0x08001955   Thumb Code    24  hal_dma.o(.text.DMA_GetChannelInterruptStatus)
    EXTI0_IRQHandler                         0x0800196d   Thumb Code    18  isr.o(.text.EXTI0_IRQHandler)
    EXTI15_10_IRQHandler                     0x08001981   Thumb Code   240  isr.o(.text.EXTI15_10_IRQHandler)
    EXTI1_IRQHandler                         0x08001a71   Thumb Code    18  isr.o(.text.EXTI1_IRQHandler)
    EXTI2_IRQHandler                         0x08001a85   Thumb Code    18  isr.o(.text.EXTI2_IRQHandler)
    EXTI3_IRQHandler                         0x08001a99   Thumb Code    18  isr.o(.text.EXTI3_IRQHandler)
    EXTI4_IRQHandler                         0x08001aad   Thumb Code    18  isr.o(.text.EXTI4_IRQHandler)
    EXTI9_5_IRQHandler                       0x08001ac1   Thumb Code   200  isr.o(.text.EXTI9_5_IRQHandler)
    EXTI_ClearLineStatus                     0x08001b89   Thumb Code    20  hal_exti.o(.text.EXTI_ClearLineStatus)
    EXTI_GetLineStatus                       0x08001b9d   Thumb Code    12  hal_exti.o(.text.EXTI_GetLineStatus)
    Encoder_Init                             0x08001ba9   Thumb Code    48  motor.o(.text.Encoder_Init)
    Error_xianfu                             0x08001bd9   Thumb Code   104  pid.o(.text.Error_xianfu)
    GPIO_ClearBits                           0x08001c41   Thumb Code    20  hal_gpio.o(.text.GPIO_ClearBits)
    GPIO_Init                                0x08001c55   Thumb Code   276  hal_gpio.o(.text.GPIO_Init)
    GPIO_PinAFConf                           0x08001d69   Thumb Code   192  hal_gpio.o(.text.GPIO_PinAFConf)
    GPIO_SetBits                             0x08001e29   Thumb Code    20  hal_gpio.o(.text.GPIO_SetBits)
    Get_True                                 0x08001e3d   Thumb Code    50  motor_control.o(.text.Get_True)
    Gray_Control                             0x08001e71   Thumb Code   304  motor_control.o(.text.Gray_Control)
    Gray_Judge                               0x08001fa1   Thumb Code   350  motor_control.o(.text.Gray_Judge)
    Gray_PID_value                           0x08002101   Thumb Code   224  pid.o(.text.Gray_PID_value)
    LCD5110_IO_Configuration                 0x080021e1   Thumb Code    72  lcd5110.o(.text.LCD5110_IO_Configuration)
    LCD5110_Init                             0x08002229   Thumb Code   120  lcd5110.o(.text.LCD5110_Init)
    LCD_Clear                                0x080022a1   Thumb Code    74  lcd5110.o(.text.LCD_Clear)
    LCD_Send                                 0x080022ed   Thumb Code   166  lcd5110.o(.text.LCD_Send)
    LPTIM_Init                               0x08002395   Thumb Code    62  hal_lptim.o(.text.LPTIM_Init)
    Left_Direction                           0x080023d5   Thumb Code    58  motor.o(.text.Left_Direction)
    Motor_Control_Init                       0x08002411   Thumb Code    26  motor_control.o(.text.Motor_Control_Init)
    Motor_IO_Init                            0x0800242d   Thumb Code    60  motor.o(.text.Motor_IO_Init)
    Motor_Init                               0x08002469   Thumb Code    16  motor.o(.text.Motor_Init)
    Motor_Pwm_Init                           0x08002479   Thumb Code    36  motor.o(.text.Motor_Pwm_Init)
    Motor_pit_handler                        0x0800249d   Thumb Code     8  main.o(.text.Motor_pit_handler)
    Num_Exchange_4                           0x080024a5   Thumb Code    50  motor_control.o(.text.Num_Exchange_4)
    PWM_Xianfu                               0x080024d9   Thumb Code    54  motor_control.o(.text.PWM_Xianfu)
    RCC_EnableAHB1Periphs                    0x08002511   Thumb Code    58  hal_rcc.o(.text.RCC_EnableAHB1Periphs)
    RCC_EnableAPB1Periphs                    0x0800254d   Thumb Code    58  hal_rcc.o(.text.RCC_EnableAPB1Periphs)
    RCC_EnableAPB2Periphs                    0x08002589   Thumb Code    58  hal_rcc.o(.text.RCC_EnableAPB2Periphs)
    RCC_ResetAPB2Periphs                     0x080025c5   Thumb Code    32  hal_rcc.o(.text.RCC_ResetAPB2Periphs)
    Read_Encoder1                            0x080025e5   Thumb Code    28  motor_control.o(.text.Read_Encoder1)
    Read_Encoder2                            0x08002601   Thumb Code    28  motor_control.o(.text.Read_Encoder2)
    Right_Direction                          0x0800261d   Thumb Code    58  motor.o(.text.Right_Direction)
    SETPWM                                   0x08002659   Thumb Code    98  motor_control.o(.text.SETPWM)
    Sensing_Control_Init                     0x080026bd   Thumb Code    38  sensing_control.o(.text.Sensing_Control_Init)
    SystemInit                               0x080026e5   Thumb Code   124  system_mm32f5277e.o(.text.SystemInit)
    TIM1_UP_IRQHandler                       0x08002761   Thumb Code    30  isr.o(.text.TIM1_UP_IRQHandler)
    TIM2_IRQHandler                          0x08002781   Thumb Code    26  isr.o(.text.TIM2_IRQHandler)
    TIM3_IRQHandler                          0x0800279d   Thumb Code    30  isr.o(.text.TIM3_IRQHandler)
    TIM4_IRQHandler                          0x080027bd   Thumb Code    30  isr.o(.text.TIM4_IRQHandler)
    TIM5_IRQHandler                          0x080027dd   Thumb Code    30  isr.o(.text.TIM5_IRQHandler)
    TIM6_IRQHandler                          0x080027fd   Thumb Code    30  isr.o(.text.TIM6_IRQHandler)
    TIM7_IRQHandler                          0x0800281d   Thumb Code    30  isr.o(.text.TIM7_IRQHandler)
    TIM8_UP_IRQHandler                       0x0800283d   Thumb Code    34  isr.o(.text.TIM8_UP_IRQHandler)
    TIM_ClearCounterValue                    0x08002861   Thumb Code    14  hal_tim.o(.text.TIM_ClearCounterValue)
    TIM_ClearInterruptStatus                 0x08002871   Thumb Code    20  hal_tim.o(.text.TIM_ClearInterruptStatus)
    TIM_DoSwTrigger                          0x08002885   Thumb Code    16  hal_tim.o(.text.TIM_DoSwTrigger)
    TIM_EnableCompOutput                     0x08002895   Thumb Code   164  hal_tim.o(.text.TIM_EnableCompOutput)
    TIM_EnableInputCapture                   0x08002939   Thumb Code   164  hal_tim.o(.text.TIM_EnableInputCapture)
    TIM_EnableInterrupts                     0x080029dd   Thumb Code    48  hal_tim.o(.text.TIM_EnableInterrupts)
    TIM_EnableOutputCompare                  0x08002a0d   Thumb Code   176  hal_tim.o(.text.TIM_EnableOutputCompare)
    TIM_EnableOutputCompareSwitch            0x08002abd   Thumb Code    46  hal_tim.o(.text.TIM_EnableOutputCompareSwitch)
    TIM_EnableSlaveMode                      0x08002aed   Thumb Code    64  hal_tim.o(.text.TIM_EnableSlaveMode)
    TIM_GetCounterValue                      0x08002b2d   Thumb Code    12  hal_tim.o(.text.TIM_GetCounterValue)
    TIM_GetInterruptStatus                   0x08002b39   Thumb Code    12  hal_tim.o(.text.TIM_GetInterruptStatus)
    TIM_Init                                 0x08002b45   Thumb Code   202  hal_tim.o(.text.TIM_Init)
    TIM_PutChannelValue                      0x08002c11   Thumb Code    42  hal_tim.o(.text.TIM_PutChannelValue)
    TIM_Start                                0x08002c3d   Thumb Code    18  hal_tim.o(.text.TIM_Start)
    UART1_IRQHandler                         0x08002c51   Thumb Code    78  isr.o(.text.UART1_IRQHandler)
    UART2_IRQHandler                         0x08002ca1   Thumb Code    74  isr.o(.text.UART2_IRQHandler)
    UART3_IRQHandler                         0x08002ced   Thumb Code    74  isr.o(.text.UART3_IRQHandler)
    UART4_IRQHandler                         0x08002d39   Thumb Code    78  isr.o(.text.UART4_IRQHandler)
    UART5_IRQHandler                         0x08002d89   Thumb Code    86  isr.o(.text.UART5_IRQHandler)
    UART6_IRQHandler                         0x08002de1   Thumb Code    90  isr.o(.text.UART6_IRQHandler)
    UART7_IRQHandler                         0x08002e3d   Thumb Code    74  isr.o(.text.UART7_IRQHandler)
    UART_ClearInterruptStatus                0x08002e89   Thumb Code    16  hal_uart.o(.text.UART_ClearInterruptStatus)
    UART_Enable                              0x08002e99   Thumb Code    46  hal_uart.o(.text.UART_Enable)
    UART_EnableInterrupts                    0x08002ec9   Thumb Code    48  hal_uart.o(.text.UART_EnableInterrupts)
    UART_GetData                             0x08002ef9   Thumb Code    14  hal_uart.o(.text.UART_GetData)
    UART_GetInterruptStatus                  0x08002f09   Thumb Code    12  hal_uart.o(.text.UART_GetInterruptStatus)
    UART_GetStatus                           0x08002f15   Thumb Code    12  hal_uart.o(.text.UART_GetStatus)
    UART_Init                                0x08002f21   Thumb Code   224  hal_uart.o(.text.UART_Init)
    UART_PutData                             0x08003001   Thumb Code    20  hal_uart.o(.text.UART_PutData)
    adc_init                                 0x08003139   Thumb Code   286  zf_driver_adc.o(.text.adc_init)
    afio_init                                0x08003259   Thumb Code   326  zf_driver_gpio.o(.text.afio_init)
    clock_init                               0x080033a1   Thumb Code    28  zf_common_clock.o(.text.clock_init)
    debug_assert_handler                     0x08003999   Thumb Code   108  zf_common_debug.o(.text.debug_assert_handler)
    debug_init                               0x08003a45   Thumb Code    84  zf_common_debug.o(.text.debug_init)
    debug_interrupr_handler                  0x08003a99   Thumb Code    56  zf_common_debug.o(.text.debug_interrupr_handler)
    debug_output_init                        0x08003e81   Thumb Code    76  zf_common_debug.o(.text.debug_output_init)
    debug_output_struct_init                 0x08003ecd   Thumb Code    48  zf_common_debug.o(.text.debug_output_struct_init)
    dm1xa_light_callback                     0x0800400d   Thumb Code    58  zf_device_dm1xa.o(.text.dm1xa_light_callback)
    dm1xa_sound_callback                     0x08004049   Thumb Code   280  zf_device_dm1xa.o(.text.dm1xa_sound_callback)
    encoder_clear_count                      0x08004161   Thumb Code   132  zf_driver_encoder.o(.text.encoder_clear_count)
    encoder_get_count                        0x080041e5   Thumb Code   222  zf_driver_encoder.o(.text.encoder_get_count)
    encoder_quad_init                        0x080042c5   Thumb Code   552  zf_driver_encoder.o(.text.encoder_quad_init)
    fifo_clear                               0x080044ed   Thumb Code   168  zf_common_fifo.o(.text.fifo_clear)
    fifo_init                                0x080045f5   Thumb Code   110  zf_common_fifo.o(.text.fifo_init)
    fifo_read_buffer                         0x08004665   Thumb Code   494  zf_common_fifo.o(.text.fifo_read_buffer)
    fifo_used                                0x08004855   Thumb Code    40  zf_common_fifo.o(.text.fifo_used)
    fifo_write_buffer                        0x0800487d   Thumb Code   506  zf_common_fifo.o(.text.fifo_write_buffer)
    fputc                                    0x08004a79   Thumb Code    40  zf_common_debug.o(.text.fputc)
    func_get_greatest_common_divisor         0x08004aa1   Thumb Code    66  zf_common_function.o(.text.func_get_greatest_common_divisor)
    gpio_get_level                           0x08004ae5   Thumb Code    46  zf_driver_gpio.o(.text.gpio_get_level)
    gpio_init                                0x08004b15   Thumb Code   392  zf_driver_gpio.o(.text.gpio_init)
    gpio_set_level                           0x08004c9d   Thumb Code    94  zf_driver_gpio.o(.text.gpio_set_level)
    gps_uart_callback                        0x08004cfd   Thumb Code   314  zf_device_gps_tau1201.o(.text.gps_uart_callback)
    gw_gray_init                             0x08004e49   Thumb Code    34  graysensor.o(.text.gw_gray_init)
    gw_gray_serial_read                      0x08004e6d   Thumb Code   106  graysensor.o(.text.gw_gray_serial_read)
    interrupt_disable                        0x08004ed9   Thumb Code    20  zf_common_interrupt.o(.text.interrupt_disable)
    interrupt_enable                         0x08004eed   Thumb Code    20  zf_common_interrupt.o(.text.interrupt_enable)
    interrupt_global_disable                 0x08004f01   Thumb Code    36  zf_common_interrupt.o(.text.interrupt_global_disable)
    interrupt_init                           0x08004f25   Thumb Code    10  zf_common_interrupt.o(.text.interrupt_init)
    main                                     0x08004f31   Thumb Code    86  main.o(.text.main)
    pit_enable                               0x08004f89   Thumb Code   212  zf_driver_pit.o(.text.pit_enable)
    pit_init                                 0x0800505d   Thumb Code   428  zf_driver_pit.o(.text.pit_init)
    pwm_init                                 0x08005209   Thumb Code   672  zf_driver_pwm.o(.text.pwm_init)
    pwm_set_duty                             0x080054a9   Thumb Code   348  zf_driver_pwm.o(.text.pwm_set_duty)
    system_delay_init                        0x08005605   Thumb Code    60  zf_driver_delay.o(.text.system_delay_init)
    system_delay_ms                          0x08005641   Thumb Code   130  zf_driver_delay.o(.text.system_delay_ms)
    system_delay_us                          0x080056c5   Thumb Code   124  zf_driver_delay.o(.text.system_delay_us)
    timer_clear                              0x08005741   Thumb Code   164  zf_driver_timer.o(.text.timer_clear)
    timer_clock_enable                       0x080057e5   Thumb Code   120  zf_driver_timer.o(.text.timer_clock_enable)
    timer_funciton_check                     0x0800585d   Thumb Code   104  zf_driver_timer.o(.text.timer_funciton_check)
    timer_get                                0x080058c5   Thumb Code   222  zf_driver_timer.o(.text.timer_get)
    uart_init                                0x080059a9   Thumb Code   246  zf_driver_uart.o(.text.uart_init)
    uart_query_byte                          0x08005aa1   Thumb Code   108  zf_driver_uart.o(.text.uart_query_byte)
    uart_rx_interrupt                        0x08005b0d   Thumb Code   142  zf_driver_uart.o(.text.uart_rx_interrupt)
    uart_write_byte                          0x08005b9d   Thumb Code    70  zf_driver_uart.o(.text.uart_write_byte)
    uart_write_string                        0x08005be5   Thumb Code    64  zf_driver_uart.o(.text.uart_write_string)
    __0printf                                0x08005c25   Thumb Code    22  printfa.o(i.__0printf)
    __1printf                                0x08005c25   Thumb Code     0  printfa.o(i.__0printf)
    __2printf                                0x08005c25   Thumb Code     0  printfa.o(i.__0printf)
    __c89printf                              0x08005c25   Thumb Code     0  printfa.o(i.__0printf)
    printf                                   0x08005c25   Thumb Code     0  printfa.o(i.__0printf)
    __0sprintf                               0x08005c45   Thumb Code    34  printfa.o(i.__0sprintf)
    __1sprintf                               0x08005c45   Thumb Code     0  printfa.o(i.__0sprintf)
    __2sprintf                               0x08005c45   Thumb Code     0  printfa.o(i.__0sprintf)
    __c89sprintf                             0x08005c45   Thumb Code     0  printfa.o(i.__0sprintf)
    sprintf                                  0x08005c45   Thumb Code     0  printfa.o(i.__0sprintf)
    __scatterload_copy                       0x08005c6d   Thumb Code    14  handlers.o(i.__scatterload_copy)
    __scatterload_null                       0x08005c7b   Thumb Code     2  handlers.o(i.__scatterload_null)
    __scatterload_zeroinit                   0x08005c7d   Thumb Code    14  handlers.o(i.__scatterload_zeroinit)
    Region$$Table$$Base                      0x080067f8   Number         0  anon$$obj.o(Region$$Table)
    Region$$Table$$Limit                     0x08006818   Number         0  anon$$obj.o(Region$$Table)
    __stdout                                 0x30000000   Data           4  stdout.o(.data)
    Gray_kd                                  0x30000004   Data           4  pid.o(.data.Gray_kd)
    Gray_ki                                  0x30000008   Data           4  pid.o(.data.Gray_ki)
    Gray_kp                                  0x3000000c   Data           4  pid.o(.data.Gray_kp)
    bus_clock                                0x30000018   Data           4  zf_common_clock.o(.data.bus_clock)
    camera_dma_handler                       0x3000001c   Data           4  zf_device_type.o(.data.camera_dma_handler)
    camera_uart_handler                      0x30000020   Data           4  zf_device_type.o(.data.camera_uart_handler)
    camera_vsync_handler                     0x30000024   Data           4  zf_device_type.o(.data.camera_vsync_handler)
    gpio_group                               0x30000034   Data          36  zf_driver_gpio.o(.data.gpio_group)
    system_clock                             0x30000058   Data           4  zf_common_clock.o(.data.system_clock)
    wireless_module_uart_handler             0x30000080   Data           4  zf_device_type.o(.data.wireless_module_uart_handler)
    debug_uart_buffer                        0x300000ac   Data          64  zf_common_debug.o(.bss.debug_uart_buffer)
    debug_uart_data                          0x300000ec   Data           1  zf_common_debug.o(.bss.debug_uart_data)
    debug_uart_fifo                          0x300000f0   Data          24  zf_common_debug.o(.bss.debug_uart_fifo)
    error_sum                                0x30000110   Data           4  pid.o(.bss.error_sum)
    filt_error                               0x30000114   Data           4  pid.o(.bss.filt_error)
    gps_gga_state                            0x30000198   Data           1  zf_device_gps_tau1201.o(.bss.gps_gga_state)
    gps_rmc_state                            0x30000219   Data           1  zf_device_gps_tau1201.o(.bss.gps_rmc_state)
    gps_tau1201_flag                         0x3000021a   Data           1  zf_device_gps_tau1201.o(.bss.gps_tau1201_flag)
    last_error                               0x3000023c   Data           4  pid.o(.bss.last_error)
    timer_function_state                     0x30000240   Data           8  zf_driver_timer.o(.bss.timer_function_state)
    Image$$ARM_LIB_STACK$$ZI$$Base           0x3001b000   Number         0  anon$$obj.o ABSOLUTE
    Image$$ARM_LIB_STACK$$ZI$$Limit          0x3001c000   Number         0  anon$$obj.o ABSOLUTE



==============================================================================

Memory Map of the image

  Image Entry point : 0x0800093d

  Load Region LR_ROM (Base: 0x08000000, Size: 0x000068a0, Max: 0x00040000, ABSOLUTE)

    Execution Region ER_ROM (Exec base: 0x08000000, Load base: 0x08000000, Size: 0x00006818, Max: 0x00040000, ABSOLUTE)

    Exec Addr    Load Addr    Size         Type   Attr      Idx    E Section Name        Object

    0x08000000   0x08000000   0x0000093c   Data   RO         1794    RESET               startup_mm32f5277e.o
    0x0800093c   0x0800093c   0x00000000   Code   RO         2859  * .ARM.Collect$$$$00000000  mc_w.l(entry.o)
    0x0800093c   0x0800093c   0x00000004   Code   RO         3051    .ARM.Collect$$$$00000003  mc_w.l(entry4.o)
    0x08000940   0x08000940   0x00000004   Code   RO         3054    .ARM.Collect$$$$00000004  mc_w.l(entry5.o)
    0x08000944   0x08000944   0x00000000   Code   RO         3056    .ARM.Collect$$$$00000008  mc_w.l(entry7b.o)
    0x08000944   0x08000944   0x00000000   Code   RO         3058    .ARM.Collect$$$$0000000A  mc_w.l(entry8b.o)
    0x08000944   0x08000944   0x00000008   Code   RO         3059    .ARM.Collect$$$$0000000B  mc_w.l(entry9a.o)
    0x0800094c   0x0800094c   0x00000000   Code   RO         3061    .ARM.Collect$$$$0000000D  mc_w.l(entry10a.o)
    0x0800094c   0x0800094c   0x00000000   Code   RO         3063    .ARM.Collect$$$$0000000F  mc_w.l(entry11a.o)
    0x0800094c   0x0800094c   0x00000004   Code   RO         3052    .ARM.Collect$$$$00002714  mc_w.l(entry4.o)
    0x08000950   0x08000950   0x00000024   Code   RO         1793    .text               startup_mm32f5277e.o
    0x08000974   0x08000974   0x00000024   Code   RO         2862    .text               mc_w.l(memcpya.o)
    0x08000998   0x08000998   0x00000024   Code   RO         2864    .text               mc_w.l(memseta.o)
    0x080009bc   0x080009bc   0x0000000e   Code   RO         2872    .text               mc_w.l(strlen.o)
    0x080009ca   0x080009ca   0x0000001e   Code   RO         2874    .text               mc_w.l(strncmp.o)
    0x080009e8   0x080009e8   0x0000014e   Code   RO         2908    .text               mf_w.l(dadd.o)
    0x08000b36   0x08000b36   0x000000e4   Code   RO         2910    .text               mf_w.l(dmul.o)
    0x08000c1a   0x08000c1a   0x000000de   Code   RO         2912    .text               mf_w.l(ddiv.o)
    0x08000cf8   0x08000cf8   0x0000003e   Code   RO         2926    .text               mf_w.l(dfixi.o)
    0x08000d36   0x08000d36   0x00000026   Code   RO         2930    .text               mf_w.l(f2d.o)
    0x08000d5c   0x08000d5c   0x0000002c   Code   RO         3075    .text               mc_w.l(uidiv.o)
    0x08000d88   0x08000d88   0x00000062   Code   RO         3077    .text               mc_w.l(uldiv.o)
    0x08000dea   0x08000dea   0x0000001e   Code   RO         3079    .text               mc_w.l(llshl.o)
    0x08000e08   0x08000e08   0x00000020   Code   RO         3081    .text               mc_w.l(llushr.o)
    0x08000e28   0x08000e28   0x00000024   Code   RO         3083    .text               mc_w.l(llsshr.o)
    0x08000e4c   0x08000e4c   0x00000000   Code   RO         3094    .text               mc_w.l(iusefp.o)
    0x08000e4c   0x08000e4c   0x000000ba   Code   RO         3097    .text               mf_w.l(depilogue.o)
    0x08000f06   0x08000f06   0x00000030   Code   RO         3105    .text               mf_w.l(dfixul.o)
    0x08000f36   0x08000f36   0x00000002   PAD
    0x08000f38   0x08000f38   0x00000030   Code   RO         3109    .text               mf_w.l(cdrcmple.o)
    0x08000f68   0x08000f68   0x00000024   Code   RO         3112    .text               mc_w.l(init.o)
    0x08000f8c   0x08000f8c   0x0000002a   Code   RO         1853    .text.ADC_DoAutoCalib  hal_adc.o
    0x08000fb6   0x08000fb6   0x00000002   PAD
    0x08000fb8   0x08000fb8   0x0000002e   Code   RO         1811    .text.ADC_Enable    hal_adc.o
    0x08000fe6   0x08000fe6   0x00000002   PAD
    0x08000fe8   0x08000fe8   0x0000002e   Code   RO         1813    .text.ADC_EnableTempSensor  hal_adc.o
    0x08001016   0x08001016   0x00000002   PAD
    0x08001018   0x08001018   0x0000002e   Code   RO         1815    .text.ADC_EnableVoltSensor  hal_adc.o
    0x08001046   0x08001046   0x00000002   PAD
    0x08001048   0x08001048   0x000000b8   Code   RO         1809    .text.ADC_Init      hal_adc.o
    0x08001100   0x08001100   0x0000004c   Code   RO          263    .text.ADC_Use_Init  adc_use.o
    0x0800114c   0x0800114c   0x00000078   Code   RO           62    .text.DMA1_CH1_IRQHandler  isr.o
    0x080011c4   0x080011c4   0x00000078   Code   RO           64    .text.DMA1_CH2_IRQHandler  isr.o
    0x0800123c   0x0800123c   0x00000078   Code   RO           66    .text.DMA1_CH3_IRQHandler  isr.o
    0x080012b4   0x080012b4   0x00000084   Code   RO           68    .text.DMA1_CH4_IRQHandler  isr.o
    0x08001338   0x08001338   0x00000078   Code   RO           70    .text.DMA1_CH5_IRQHandler  isr.o
    0x080013b0   0x080013b0   0x00000078   Code   RO           72    .text.DMA1_CH6_IRQHandler  isr.o
    0x08001428   0x08001428   0x00000078   Code   RO           74    .text.DMA1_CH7_IRQHandler  isr.o
    0x080014a0   0x080014a0   0x00000078   Code   RO           76    .text.DMA1_CH8_IRQHandler  isr.o
    0x08001518   0x08001518   0x00000084   Code   RO           78    .text.DMA2_CH1_IRQHandler  isr.o
    0x0800159c   0x0800159c   0x00000084   Code   RO           80    .text.DMA2_CH2_IRQHandler  isr.o
    0x08001620   0x08001620   0x00000084   Code   RO           82    .text.DMA2_CH3_IRQHandler  isr.o
    0x080016a4   0x080016a4   0x00000084   Code   RO           84    .text.DMA2_CH4_IRQHandler  isr.o
    0x08001728   0x08001728   0x00000084   Code   RO           86    .text.DMA2_CH5_IRQHandler  isr.o
    0x080017ac   0x080017ac   0x00000084   Code   RO           88    .text.DMA2_CH6_IRQHandler  isr.o
    0x08001830   0x08001830   0x00000084   Code   RO           90    .text.DMA2_CH7_IRQHandler  isr.o
    0x080018b4   0x080018b4   0x00000084   Code   RO           92    .text.DMA2_CH8_IRQHandler  isr.o
    0x08001938   0x08001938   0x0000001c   Code   RO         1975    .text.DMA_ClearChannelInterruptStatus  hal_dma.o
    0x08001954   0x08001954   0x00000018   Code   RO         1973    .text.DMA_GetChannelInterruptStatus  hal_dma.o
    0x0800196c   0x0800196c   0x00000012   Code   RO           48    .text.EXTI0_IRQHandler  isr.o
    0x0800197e   0x0800197e   0x00000002   PAD
    0x08001980   0x08001980   0x000000f0   Code   RO           60    .text.EXTI15_10_IRQHandler  isr.o
    0x08001a70   0x08001a70   0x00000012   Code   RO           50    .text.EXTI1_IRQHandler  isr.o
    0x08001a82   0x08001a82   0x00000002   PAD
    0x08001a84   0x08001a84   0x00000012   Code   RO           52    .text.EXTI2_IRQHandler  isr.o
    0x08001a96   0x08001a96   0x00000002   PAD
    0x08001a98   0x08001a98   0x00000012   Code   RO           54    .text.EXTI3_IRQHandler  isr.o
    0x08001aaa   0x08001aaa   0x00000002   PAD
    0x08001aac   0x08001aac   0x00000012   Code   RO           56    .text.EXTI4_IRQHandler  isr.o
    0x08001abe   0x08001abe   0x00000002   PAD
    0x08001ac0   0x08001ac0   0x000000c8   Code   RO           58    .text.EXTI9_5_IRQHandler  isr.o
    0x08001b88   0x08001b88   0x00000014   Code   RO         1998    .text.EXTI_ClearLineStatus  hal_exti.o
    0x08001b9c   0x08001b9c   0x0000000c   Code   RO         1996    .text.EXTI_GetLineStatus  hal_exti.o
    0x08001ba8   0x08001ba8   0x00000030   Code   RO          228    .text.Encoder_Init  motor.o
    0x08001bd8   0x08001bd8   0x00000068   Code   RO          199    .text.Error_xianfu  pid.o
    0x08001c40   0x08001c40   0x00000014   Code   RO         2106    .text.GPIO_ClearBits  hal_gpio.o
    0x08001c54   0x08001c54   0x00000114   Code   RO         2094    .text.GPIO_Init     hal_gpio.o
    0x08001d68   0x08001d68   0x000000c0   Code   RO         2116    .text.GPIO_PinAFConf  hal_gpio.o
    0x08001e28   0x08001e28   0x00000014   Code   RO         2104    .text.GPIO_SetBits  hal_gpio.o
    0x08001e3c   0x08001e3c   0x00000032   Code   RO          141    .text.Get_True      motor_control.o
    0x08001e6e   0x08001e6e   0x00000002   PAD
    0x08001e70   0x08001e70   0x00000130   Code   RO          143    .text.Gray_Control  motor_control.o
    0x08001fa0   0x08001fa0   0x0000015e   Code   RO          139    .text.Gray_Judge    motor_control.o
    0x080020fe   0x080020fe   0x00000002   PAD
    0x08002100   0x08002100   0x000000e0   Code   RO          197    .text.Gray_PID_value  pid.o
    0x080021e0   0x080021e0   0x00000048   Code   RO          103    .text.LCD5110_IO_Configuration  lcd5110.o
    0x08002228   0x08002228   0x00000078   Code   RO          101    .text.LCD5110_Init  lcd5110.o
    0x080022a0   0x080022a0   0x0000004a   Code   RO          111    .text.LCD_Clear     lcd5110.o
    0x080022ea   0x080022ea   0x00000002   PAD
    0x080022ec   0x080022ec   0x000000a6   Code   RO          105    .text.LCD_Send      lcd5110.o
    0x08002392   0x08002392   0x00000002   PAD
    0x08002394   0x08002394   0x0000003e   Code   RO         2228    .text.LPTIM_Init    hal_lptim.o
    0x080023d2   0x080023d2   0x00000002   PAD
    0x080023d4   0x080023d4   0x0000003a   Code   RO          232    .text.Left_Direction  motor.o
    0x0800240e   0x0800240e   0x00000002   PAD
    0x08002410   0x08002410   0x0000001a   Code   RO          135    .text.Motor_Control_Init  motor_control.o
    0x0800242a   0x0800242a   0x00000002   PAD
    0x0800242c   0x0800242c   0x0000003c   Code   RO          226    .text.Motor_IO_Init  motor.o
    0x08002468   0x08002468   0x00000010   Code   RO          224    .text.Motor_Init    motor.o
    0x08002478   0x08002478   0x00000024   Code   RO          230    .text.Motor_Pwm_Init  motor.o
    0x0800249c   0x0800249c   0x00000008   Code   RO            6    .text.Motor_pit_handler  main.o
    0x080024a4   0x080024a4   0x00000032   Code   RO          137    .text.Num_Exchange_4  motor_control.o
    0x080024d6   0x080024d6   0x00000002   PAD
    0x080024d8   0x080024d8   0x00000036   Code   RO          151    .text.PWM_Xianfu    motor_control.o
    0x0800250e   0x0800250e   0x00000002   PAD
    0x08002510   0x08002510   0x0000003a   Code   RO         2393    .text.RCC_EnableAHB1Periphs  hal_rcc.o
    0x0800254a   0x0800254a   0x00000002   PAD
    0x0800254c   0x0800254c   0x0000003a   Code   RO         2395    .text.RCC_EnableAPB1Periphs  hal_rcc.o
    0x08002586   0x08002586   0x00000002   PAD
    0x08002588   0x08002588   0x0000003a   Code   RO         2397    .text.RCC_EnableAPB2Periphs  hal_rcc.o
    0x080025c2   0x080025c2   0x00000002   PAD
    0x080025c4   0x080025c4   0x00000020   Code   RO         2403    .text.RCC_ResetAPB2Periphs  hal_rcc.o
    0x080025e4   0x080025e4   0x0000001c   Code   RO          147    .text.Read_Encoder1  motor_control.o
    0x08002600   0x08002600   0x0000001c   Code   RO          149    .text.Read_Encoder2  motor_control.o
    0x0800261c   0x0800261c   0x0000003a   Code   RO          234    .text.Right_Direction  motor.o
    0x08002656   0x08002656   0x00000002   PAD
    0x08002658   0x08002658   0x00000062   Code   RO          145    .text.SETPWM        motor_control.o
    0x080026ba   0x080026ba   0x00000002   PAD
    0x080026bc   0x080026bc   0x00000026   Code   RO          167    .text.Sensing_Control_Init  sensing_control.o
    0x080026e2   0x080026e2   0x00000002   PAD
    0x080026e4   0x080026e4   0x0000007c   Code   RO         1801    .text.SystemInit    system_mm32f5277e.o
    0x08002760   0x08002760   0x0000001e   Code   RO           18    .text.TIM1_UP_IRQHandler  isr.o
    0x0800277e   0x0800277e   0x00000002   PAD
    0x08002780   0x08002780   0x0000001a   Code   RO           20    .text.TIM2_IRQHandler  isr.o
    0x0800279a   0x0800279a   0x00000002   PAD
    0x0800279c   0x0800279c   0x0000001e   Code   RO           22    .text.TIM3_IRQHandler  isr.o
    0x080027ba   0x080027ba   0x00000002   PAD
    0x080027bc   0x080027bc   0x0000001e   Code   RO           24    .text.TIM4_IRQHandler  isr.o
    0x080027da   0x080027da   0x00000002   PAD
    0x080027dc   0x080027dc   0x0000001e   Code   RO           26    .text.TIM5_IRQHandler  isr.o
    0x080027fa   0x080027fa   0x00000002   PAD
    0x080027fc   0x080027fc   0x0000001e   Code   RO           28    .text.TIM6_IRQHandler  isr.o
    0x0800281a   0x0800281a   0x00000002   PAD
    0x0800281c   0x0800281c   0x0000001e   Code   RO           30    .text.TIM7_IRQHandler  isr.o
    0x0800283a   0x0800283a   0x00000002   PAD
    0x0800283c   0x0800283c   0x00000022   Code   RO           32    .text.TIM8_UP_IRQHandler  isr.o
    0x0800285e   0x0800285e   0x00000002   PAD
    0x08002860   0x08002860   0x0000000e   Code   RO         2568    .text.TIM_ClearCounterValue  hal_tim.o
    0x0800286e   0x0800286e   0x00000002   PAD
    0x08002870   0x08002870   0x00000014   Code   RO         2578    .text.TIM_ClearInterruptStatus  hal_tim.o
    0x08002884   0x08002884   0x00000010   Code   RO         2574    .text.TIM_DoSwTrigger  hal_tim.o
    0x08002894   0x08002894   0x000000a4   Code   RO         2586    .text.TIM_EnableCompOutput  hal_tim.o
    0x08002938   0x08002938   0x000000a4   Code   RO         2590    .text.TIM_EnableInputCapture  hal_tim.o
    0x080029dc   0x080029dc   0x00000030   Code   RO         2570    .text.TIM_EnableInterrupts  hal_tim.o
    0x08002a0c   0x08002a0c   0x000000b0   Code   RO         2580    .text.TIM_EnableOutputCompare  hal_tim.o
    0x08002abc   0x08002abc   0x0000002e   Code   RO         2588    .text.TIM_EnableOutputCompareSwitch  hal_tim.o
    0x08002aea   0x08002aea   0x00000002   PAD
    0x08002aec   0x08002aec   0x00000040   Code   RO         2600    .text.TIM_EnableSlaveMode  hal_tim.o
    0x08002b2c   0x08002b2c   0x0000000c   Code   RO         2566    .text.TIM_GetCounterValue  hal_tim.o
    0x08002b38   0x08002b38   0x0000000c   Code   RO         2576    .text.TIM_GetInterruptStatus  hal_tim.o
    0x08002b44   0x08002b44   0x000000ca   Code   RO         2560    .text.TIM_Init      hal_tim.o
    0x08002c0e   0x08002c0e   0x00000002   PAD
    0x08002c10   0x08002c10   0x0000002a   Code   RO         2584    .text.TIM_PutChannelValue  hal_tim.o
    0x08002c3a   0x08002c3a   0x00000002   PAD
    0x08002c3c   0x08002c3c   0x00000012   Code   RO         2562    .text.TIM_Start     hal_tim.o
    0x08002c4e   0x08002c4e   0x00000002   PAD
    0x08002c50   0x08002c50   0x0000004e   Code   RO           34    .text.UART1_IRQHandler  isr.o
    0x08002c9e   0x08002c9e   0x00000002   PAD
    0x08002ca0   0x08002ca0   0x0000004a   Code   RO           36    .text.UART2_IRQHandler  isr.o
    0x08002cea   0x08002cea   0x00000002   PAD
    0x08002cec   0x08002cec   0x0000004a   Code   RO           38    .text.UART3_IRQHandler  isr.o
    0x08002d36   0x08002d36   0x00000002   PAD
    0x08002d38   0x08002d38   0x0000004e   Code   RO           40    .text.UART4_IRQHandler  isr.o
    0x08002d86   0x08002d86   0x00000002   PAD
    0x08002d88   0x08002d88   0x00000056   Code   RO           42    .text.UART5_IRQHandler  isr.o
    0x08002dde   0x08002dde   0x00000002   PAD
    0x08002de0   0x08002de0   0x0000005a   Code   RO           44    .text.UART6_IRQHandler  isr.o
    0x08002e3a   0x08002e3a   0x00000002   PAD
    0x08002e3c   0x08002e3c   0x0000004a   Code   RO           46    .text.UART7_IRQHandler  isr.o
    0x08002e86   0x08002e86   0x00000002   PAD
    0x08002e88   0x08002e88   0x00000010   Code   RO         2645    .text.UART_ClearInterruptStatus  hal_uart.o
    0x08002e98   0x08002e98   0x0000002e   Code   RO         2629    .text.UART_Enable   hal_uart.o
    0x08002ec6   0x08002ec6   0x00000002   PAD
    0x08002ec8   0x08002ec8   0x00000030   Code   RO         2631    .text.UART_EnableInterrupts  hal_uart.o
    0x08002ef8   0x08002ef8   0x0000000e   Code   RO         2639    .text.UART_GetData  hal_uart.o
    0x08002f06   0x08002f06   0x00000002   PAD
    0x08002f08   0x08002f08   0x0000000c   Code   RO         2643    .text.UART_GetInterruptStatus  hal_uart.o
    0x08002f14   0x08002f14   0x0000000c   Code   RO         2641    .text.UART_GetStatus  hal_uart.o
    0x08002f20   0x08002f20   0x000000e0   Code   RO         2627    .text.UART_Init     hal_uart.o
    0x08003000   0x08003000   0x00000014   Code   RO         2637    .text.UART_PutData  hal_uart.o
    0x08003014   0x08003014   0x0000007e   Code   RO         2582    .text._TIM_WriteChannelCtrlReg  hal_tim.o
    0x08003092   0x08003092   0x00000002   PAD
    0x08003094   0x08003094   0x00000038   Code   RO          446    .text.__NVIC_DisableIRQ  zf_common_interrupt.o
    0x080030cc   0x080030cc   0x00000030   Code   RO          442    .text.__NVIC_EnableIRQ  zf_common_interrupt.o
    0x080030fc   0x080030fc   0x0000003c   Code   RO          454    .text.__NVIC_SetPriorityGrouping  zf_common_interrupt.o
    0x08003138   0x08003138   0x0000011e   Code   RO          468    .text.adc_init      zf_driver_adc.o
    0x08003256   0x08003256   0x00000002   PAD
    0x08003258   0x08003258   0x00000146   Code   RO          649    .text.afio_init     zf_driver_gpio.o
    0x0800339e   0x0800339e   0x00000002   PAD
    0x080033a0   0x080033a0   0x0000001c   Code   RO          292    .text.clock_init    zf_common_clock.o
    0x080033bc   0x080033bc   0x00000074   Code   RO          294    .text.clock_reset   zf_common_clock.o
    0x08003430   0x08003430   0x00000568   Code   RO          296    .text.clock_set_freq  zf_common_clock.o
    0x08003998   0x08003998   0x0000006c   Code   RO          319    .text.debug_assert_handler  zf_common_debug.o
    0x08003a04   0x08003a04   0x00000040   Code   RO          325    .text.debug_delay   zf_common_debug.o
    0x08003a44   0x08003a44   0x00000054   Code   RO          333    .text.debug_init    zf_common_debug.o
    0x08003a98   0x08003a98   0x00000038   Code   RO          309    .text.debug_interrupr_handler  zf_common_debug.o
    0x08003ad0   0x08003ad0   0x000003b0   Code   RO          323    .text.debug_output  zf_common_debug.o
    0x08003e80   0x08003e80   0x0000004c   Code   RO          331    .text.debug_output_init  zf_common_debug.o
    0x08003ecc   0x08003ecc   0x00000030   Code   RO          329    .text.debug_output_struct_init  zf_common_debug.o
    0x08003efc   0x08003efc   0x000000fa   Code   RO          321    .text.debug_protective_handler  zf_common_debug.o
    0x08003ff6   0x08003ff6   0x00000002   PAD
    0x08003ff8   0x08003ff8   0x00000012   Code   RO          335    .text.debug_uart_str_output  zf_common_debug.o
    0x0800400a   0x0800400a   0x00000002   PAD
    0x0800400c   0x0800400c   0x0000003a   Code   RO         1011    .text.dm1xa_light_callback  zf_device_dm1xa.o
    0x08004046   0x08004046   0x00000002   PAD
    0x08004048   0x08004048   0x00000118   Code   RO         1009    .text.dm1xa_sound_callback  zf_device_dm1xa.o
    0x08004160   0x08004160   0x00000084   Code   RO          521    .text.encoder_clear_count  zf_driver_encoder.o
    0x080041e4   0x080041e4   0x000000de   Code   RO          519    .text.encoder_get_count  zf_driver_encoder.o
    0x080042c2   0x080042c2   0x00000002   PAD
    0x080042c4   0x080042c4   0x00000228   Code   RO          523    .text.encoder_quad_init  zf_driver_encoder.o
    0x080044ec   0x080044ec   0x000000a8   Code   RO          357    .text.fifo_clear    zf_common_fifo.o
    0x08004594   0x08004594   0x0000002e   Code   RO          369    .text.fifo_end_offset  zf_common_fifo.o
    0x080045c2   0x080045c2   0x00000002   PAD
    0x080045c4   0x080045c4   0x0000002e   Code   RO          363    .text.fifo_head_offset  zf_common_fifo.o
    0x080045f2   0x080045f2   0x00000002   PAD
    0x080045f4   0x080045f4   0x0000006e   Code   RO          375    .text.fifo_init     zf_common_fifo.o
    0x08004662   0x08004662   0x00000002   PAD
    0x08004664   0x08004664   0x000001ee   Code   RO          371    .text.fifo_read_buffer  zf_common_fifo.o
    0x08004852   0x08004852   0x00000002   PAD
    0x08004854   0x08004854   0x00000028   Code   RO          359    .text.fifo_used     zf_common_fifo.o
    0x0800487c   0x0800487c   0x000001fa   Code   RO          365    .text.fifo_write_buffer  zf_common_fifo.o
    0x08004a76   0x08004a76   0x00000002   PAD
    0x08004a78   0x08004a78   0x00000028   Code   RO          311    .text.fputc         zf_common_debug.o
    0x08004aa0   0x08004aa0   0x00000042   Code   RO          397    .text.func_get_greatest_common_divisor  zf_common_function.o
    0x08004ae2   0x08004ae2   0x00000002   PAD
    0x08004ae4   0x08004ae4   0x0000002e   Code   RO          641    .text.gpio_get_level  zf_driver_gpio.o
    0x08004b12   0x08004b12   0x00000002   PAD
    0x08004b14   0x08004b14   0x00000188   Code   RO          647    .text.gpio_init     zf_driver_gpio.o
    0x08004c9c   0x08004c9c   0x0000005e   Code   RO          639    .text.gpio_set_level  zf_driver_gpio.o
    0x08004cfa   0x08004cfa   0x00000002   PAD
    0x08004cfc   0x08004cfc   0x0000013a   Code   RO         1040    .text.gps_uart_callback  zf_device_gps_tau1201.o
    0x08004e36   0x08004e36   0x00000002   PAD
    0x08004e38   0x08004e38   0x00000010   Code   RO          182    .text.gw_gray_delay  graysensor.o
    0x08004e48   0x08004e48   0x00000022   Code   RO          178    .text.gw_gray_init  graysensor.o
    0x08004e6a   0x08004e6a   0x00000002   PAD
    0x08004e6c   0x08004e6c   0x0000006a   Code   RO          180    .text.gw_gray_serial_read  graysensor.o
    0x08004ed6   0x08004ed6   0x00000002   PAD
    0x08004ed8   0x08004ed8   0x00000014   Code   RO          444    .text.interrupt_disable  zf_common_interrupt.o
    0x08004eec   0x08004eec   0x00000014   Code   RO          440    .text.interrupt_enable  zf_common_interrupt.o
    0x08004f00   0x08004f00   0x00000024   Code   RO          438    .text.interrupt_global_disable  zf_common_interrupt.o
    0x08004f24   0x08004f24   0x0000000a   Code   RO          452    .text.interrupt_init  zf_common_interrupt.o
    0x08004f2e   0x08004f2e   0x00000002   PAD
    0x08004f30   0x08004f30   0x00000056   Code   RO            4    .text.main          main.o
    0x08004f86   0x08004f86   0x00000002   PAD
    0x08004f88   0x08004f88   0x000000d4   Code   RO          660    .text.pit_enable    zf_driver_pit.o
    0x0800505c   0x0800505c   0x000001ac   Code   RO          664    .text.pit_init      zf_driver_pit.o
    0x08005208   0x08005208   0x000002a0   Code   RO          677    .text.pwm_init      zf_driver_pwm.o
    0x080054a8   0x080054a8   0x0000015c   Code   RO          675    .text.pwm_set_duty  zf_driver_pwm.o
    0x08005604   0x08005604   0x0000003c   Code   RO          495    .text.system_delay_init  zf_driver_delay.o
    0x08005640   0x08005640   0x00000082   Code   RO          491    .text.system_delay_ms  zf_driver_delay.o
    0x080056c2   0x080056c2   0x00000002   PAD
    0x080056c4   0x080056c4   0x0000007c   Code   RO          493    .text.system_delay_us  zf_driver_delay.o
    0x08005740   0x08005740   0x000000a4   Code   RO          856    .text.timer_clear   zf_driver_timer.o
    0x080057e4   0x080057e4   0x00000078   Code   RO          848    .text.timer_clock_enable  zf_driver_timer.o
    0x0800585c   0x0800585c   0x00000068   Code   RO          846    .text.timer_funciton_check  zf_driver_timer.o
    0x080058c4   0x080058c4   0x000000de   Code   RO          854    .text.timer_get     zf_driver_timer.o
    0x080059a2   0x080059a2   0x00000002   PAD
    0x080059a4   0x080059a4   0x00000002   Code   RO         1664    .text.type_default_callback  zf_device_type.o
    0x080059a6   0x080059a6   0x00000002   PAD
    0x080059a8   0x080059a8   0x000000f6   Code   RO          886    .text.uart_init     zf_driver_uart.o
    0x08005a9e   0x08005a9e   0x00000002   PAD
    0x08005aa0   0x08005aa0   0x0000006c   Code   RO          880    .text.uart_query_byte  zf_driver_uart.o
    0x08005b0c   0x08005b0c   0x0000008e   Code   RO          884    .text.uart_rx_interrupt  zf_driver_uart.o
    0x08005b9a   0x08005b9a   0x00000002   PAD
    0x08005b9c   0x08005b9c   0x00000046   Code   RO          872    .text.uart_write_byte  zf_driver_uart.o
    0x08005be2   0x08005be2   0x00000002   PAD
    0x08005be4   0x08005be4   0x00000040   Code   RO          876    .text.uart_write_string  zf_driver_uart.o
    0x08005c24   0x08005c24   0x00000020   Code   RO         2881    i.__0printf         mc_w.l(printfa.o)
    0x08005c44   0x08005c44   0x00000028   Code   RO         2883    i.__0sprintf        mc_w.l(printfa.o)
    0x08005c6c   0x08005c6c   0x0000000e   Code   RO         3116    i.__scatterload_copy  mc_w.l(handlers.o)
    0x08005c7a   0x08005c7a   0x00000002   Code   RO         3117    i.__scatterload_null  mc_w.l(handlers.o)
    0x08005c7c   0x08005c7c   0x0000000e   Code   RO         3118    i.__scatterload_zeroinit  mc_w.l(handlers.o)
    0x08005c8a   0x08005c8a   0x00000002   PAD
    0x08005c8c   0x08005c8c   0x00000184   Code   RO         2888    i._fp_digits        mc_w.l(printfa.o)
    0x08005e10   0x08005e10   0x000006dc   Code   RO         2889    i._printf_core      mc_w.l(printfa.o)
    0x080064ec   0x080064ec   0x00000024   Code   RO         2890    i._printf_post_padding  mc_w.l(printfa.o)
    0x08006510   0x08006510   0x0000002e   Code   RO         2891    i._printf_pre_padding  mc_w.l(printfa.o)
    0x0800653e   0x0800653e   0x0000000a   Code   RO         2893    i._sputc            mc_w.l(printfa.o)
    0x08006548   0x08006548   0x0000013c   Data   RO          349    .rodata..L__const.debug_protective_handler.pin_list  zf_common_debug.o
    0x08006684   0x08006684   0x0000000f   Data   RO          158    .rodata.str1.1      motor_control.o
    0x08006693   0x08006693   0x0000005a   Data   RO          346    .rodata.str1.1      zf_common_debug.o
    0x080066ed   0x080066ed   0x0000002b   Data   RO          377    .rodata.str1.1      zf_common_fifo.o
    0x08006718   0x08006718   0x0000002e   Data   RO          528    .rodata.str1.1      zf_driver_encoder.o
    0x08006746   0x08006746   0x0000002b   Data   RO          652    .rodata.str1.1      zf_driver_gpio.o
    0x08006771   0x08006771   0x0000002a   Data   RO          666    .rodata.str1.1      zf_driver_pit.o
    0x0800679b   0x0800679b   0x0000002a   Data   RO          679    .rodata.str1.1      zf_driver_pwm.o
    0x080067c5   0x080067c5   0x0000002b   Data   RO          889    .rodata.str1.1      zf_driver_uart.o
    0x080067f0   0x080067f0   0x00000008   Data   RO         1063    .rodata.str1.1      zf_device_gps_tau1201.o
    0x080067f8   0x080067f8   0x00000020   Data   RO         3115    Region$$Table       anon$$obj.o


    Execution Region RW_RAM (Exec base: 0x30000000, Load base: 0x08006818, Size: 0x00000258, Max: 0x0001a000, ABSOLUTE)

    Exec Addr    Load Addr    Size         Type   Attr      Idx    E Section Name        Object

    0x30000000   0x08006818   0x00000004   Data   RW         3065    .data               mc_w.l(stdout.o)
    0x30000004   0x0800681c   0x00000004   Data   RW          211    .data.Gray_kd       pid.o
    0x30000008   0x08006820   0x00000004   Data   RW          210    .data.Gray_ki       pid.o
    0x3000000c   0x08006824   0x00000004   Data   RW          209    .data.Gray_kp       pid.o
    0x30000010   0x08006828   0x00000008   Data   RW          470    .data.adc_index     zf_driver_adc.o
    0x30000018   0x08006830   0x00000004   Data   RW          299    .data.bus_clock     zf_common_clock.o
    0x3000001c   0x08006834   0x00000004   Data   RW         1673    .data.camera_dma_handler  zf_device_type.o
    0x30000020   0x08006838   0x00000004   Data   RW         1671    .data.camera_uart_handler  zf_device_type.o
    0x30000024   0x0800683c   0x00000004   Data   RW         1672    .data.camera_vsync_handler  zf_device_type.o
    0x30000028   0x08006840   0x00000002   Data   RW         1022    .data.dm1xa_distance_mm  zf_device_dm1xa.o
    0x3000002a   0x08006842   0x00000008   Data   RW          527    .data.encoder_dir_pin  zf_driver_encoder.o
    0x30000032   0x0800684a   0x00000002   PAD
    0x30000034   0x0800684c   0x00000024   Data   RW          651    .data.gpio_group    zf_driver_gpio.o
    0x30000058   0x08006870   0x00000004   Data   RW          298    .data.system_clock  zf_common_clock.o
    0x3000005c   0x08006874   0x0000001c   Data   RW          888    .data.uart_index    zf_driver_uart.o
    0x30000078   0x08006890   0x00000007   Data   RW          891    .data.uart_irq      zf_driver_uart.o
    0x3000007f   0x08006897   0x00000001   PAD
    0x30000080   0x08006898   0x00000004   Data   RW         1675    .data.wireless_module_uart_handler  zf_device_type.o
    0x30000084   0x0800689c   0x00000001   Data   RW          344    .data.zf_debug_assert_enable  zf_common_debug.o
    0x30000085   0x0800689d   0x00000003   PAD
    0x30000088        -       0x00000004   Zero   RW          155    .bss.Gray_Control.Encoder_Value_L  motor_control.o
    0x3000008c        -       0x00000004   Zero   RW          156    .bss.Gray_Control.Encoder_Value_R  motor_control.o
    0x30000090        -       0x00000004   Zero   RW          157    .bss.Gray_Control.i  motor_control.o
    0x30000094        -       0x00000002   Zero   RW          471    .bss.adc_resolution  zf_driver_adc.o
    0x30000096        -       0x00000001   Zero   RW          345    .bss.debug_assert_handler.assert_nest_index  zf_common_debug.o
    0x30000097   0x0800689d   0x00000001   PAD
    0x30000098        -       0x00000014   Zero   RW          347    .bss.debug_output_info  zf_common_debug.o
    0x300000ac        -       0x00000040   Zero   RW          348    .bss.debug_uart_buffer  zf_common_debug.o
    0x300000ec        -       0x00000001   Zero   RW          341    .bss.debug_uart_data  zf_common_debug.o
    0x300000ed   0x0800689d   0x00000003   PAD
    0x300000f0        -       0x00000018   Zero   RW          342    .bss.debug_uart_fifo  zf_common_debug.o
    0x30000108        -       0x00000004   Zero   RW         1020    .bss.dm1xa_plus_count  zf_device_dm1xa.o
    0x3000010c        -       0x00000001   Zero   RW         1021    .bss.dm1xa_ranging_state  zf_device_dm1xa.o
    0x3000010d        -       0x00000001   Zero   RW         1019    .bss.dm1xa_type     zf_device_dm1xa.o
    0x3000010e   0x0800689d   0x00000002   PAD
    0x30000110        -       0x00000004   Zero   RW          214    .bss.error_sum      pid.o
    0x30000114        -       0x00000004   Zero   RW          216    .bss.filt_error     pid.o
    0x30000118        -       0x00000080   Zero   RW         1060    .bss.gps_gga_buffer  zf_device_gps_tau1201.o
    0x30000198        -       0x00000001   Zero   RW         1055    .bss.gps_gga_state  zf_device_gps_tau1201.o
    0x30000199        -       0x00000080   Zero   RW         1058    .bss.gps_rmc_buffer  zf_device_gps_tau1201.o
    0x30000219        -       0x00000001   Zero   RW         1056    .bss.gps_rmc_state  zf_device_gps_tau1201.o
    0x3000021a        -       0x00000001   Zero   RW         1054    .bss.gps_tau1201_flag  zf_device_gps_tau1201.o
    0x3000021b   0x0800689d   0x00000001   PAD
    0x3000021c        -       0x00000018   Zero   RW         1062    .bss.gps_tau1201_receiver_fifo  zf_device_gps_tau1201.o
    0x30000234        -       0x00000001   Zero   RW         1061    .bss.gps_tau1201_state  zf_device_gps_tau1201.o
    0x30000235   0x0800689d   0x00000003   PAD
    0x30000238        -       0x00000004   Zero   RW          456    .bss.interrupt_nest_count  zf_common_interrupt.o
    0x3000023c        -       0x00000004   Zero   RW          215    .bss.last_error     pid.o
    0x30000240        -       0x00000008   Zero   RW          862    .bss.timer_function_state  zf_driver_timer.o
    0x30000248        -       0x00000008   Zero   RW          863    .bss.timer_mode_state  zf_driver_timer.o
    0x30000250        -       0x00000007   Zero   RW          890    .bss.uart_interrupt_state  zf_driver_uart.o
    0x30000257        -       0x00000001   Zero   RW          343    .bss.zf_debug_init_flag  zf_common_debug.o


    Execution Region ARM_LIB_HEAP (Exec base: 0x30000258, Load base: 0x080068a0, Size: 0x00001000, Max: 0x00001000, ABSOLUTE)

    Exec Addr    Load Addr    Size         Type   Attr      Idx    E Section Name        Object

    0x30000258        -       0x00001000   Zero   RW            1    ARM_LIB_HEAP.bss    anon$$obj.o


    Execution Region ARM_LIB_STACK (Exec base: 0x3001b000, Load base: 0x080068a0, Size: 0x00001000, Max: 0x00001000, ABSOLUTE)

    Exec Addr    Load Addr    Size         Type   Attr      Idx    E Section Name        Object

    0x3001b000        -       0x00001000   Zero   RW            2    ARM_LIB_STACK.bss   anon$$obj.o


==============================================================================

Image component sizes


      Code (inc. data)   RO Data    RW Data    ZI Data      Debug   Object Name

        76          0          0          0          0       3972   adc_use.o
       156          0          0          0          0       2470   graysensor.o
       364          0          0          0          0       9778   hal_adc.o
        52          0          0          0          0       3159   hal_dma.o
        32          0          0          0          0       1912   hal_exti.o
       508          0          0          0          0       3852   hal_gpio.o
        62          0          0          0          0       3527   hal_lptim.o
       206          0          0          0          0       5759   hal_rcc.o
      1124         24          0          0          0      13768   hal_tim.o
       392          0          0          0          0       3615   hal_uart.o
      3352          0          0          0          0       8931   isr.o
       432          0          0          0          0       4802   lcd5110.o
        94          0          0          0          0       3054   main.o
       276          0          0          0          0       5622   motor.o
       988          4         15          0         12       4999   motor_control.o
       328          0          0         12         12       1855   pid.o
        38          0          0          0          0       2469   sensing_control.o
        36          8       2364          0          0        466   startup_mm32f5277e.o
       124          0          0          0          0       1962   system_mm32f5277e.o
      1528          0          0          8          0       3338   zf_common_clock.o
      1688          0        406          1        111      10564   zf_common_debug.o
      1410          0         43          0          0       5330   zf_common_fifo.o
        66          0          0          0          0       8036   zf_common_function.o
       250          0          0          0          4       5311   zf_common_interrupt.o
       338         12          0          2          6       3902   zf_device_dm1xa.o
       314          0          8          0        284       8222   zf_device_gps_tau1201.o
         2          0          0         16          0       1526   zf_device_type.o
       286          0          0          8          2       5639   zf_driver_adc.o
       314          0          0          0          0       2007   zf_driver_delay.o
       906         24         46          8          0       9166   zf_driver_encoder.o
       858         20         43         36          0       5107   zf_driver_gpio.o
       640         16         42          0          0       5925   zf_driver_pit.o
      1020         20         42          0          0       8740   zf_driver_pwm.o
       610         24          0          0         16       9738   zf_driver_timer.o
       630          8         43         35          7       8035   zf_driver_uart.o

    ----------------------------------------------------------------------
     19644        160       3084        132       8656     186558   Object Totals
         0          0         32          0       8192          0   (incl. Generated)
       144          0          0          6         10          0   (incl. Padding)

    ----------------------------------------------------------------------

      Code (inc. data)   RO Data    RW Data    ZI Data      Debug   Library Member Name

         0          0          0          0          0          0   entry.o
         0          0          0          0          0          0   entry10a.o
         0          0          0          0          0          0   entry11a.o
         8          4          0          0          0          0   entry4.o
         4          0          0          0          0          0   entry5.o
         0          0          0          0          0          0   entry7b.o
         0          0          0          0          0          0   entry8b.o
         8          4          0          0          0          0   entry9a.o
        30          0          0          0          0          0   handlers.o
        36          8          0          0          0         68   init.o
         0          0          0          0          0          0   iusefp.o
        30          0          0          0          0         68   llshl.o
        36          0          0          0          0         68   llsshr.o
        32          0          0          0          0         68   llushr.o
        36          0          0          0          0         68   memcpya.o
        36          0          0          0          0        108   memseta.o
      2308         96          0          0          0        604   printfa.o
         0          0          0          4          0          0   stdout.o
        14          0          0          0          0         68   strlen.o
        30          0          0          0          0         80   strncmp.o
        44          0          0          0          0         80   uidiv.o
        98          0          0          0          0         92   uldiv.o
        48          0          0          0          0         68   cdrcmple.o
       334          0          0          0          0        148   dadd.o
       222          0          0          0          0        100   ddiv.o
       186          0          0          0          0        176   depilogue.o
        62          0          0          0          0         80   dfixi.o
        48          0          0          0          0         68   dfixul.o
       228          0          0          0          0         96   dmul.o
        38          0          0          0          0         68   f2d.o

    ----------------------------------------------------------------------
      3920        112          0          4          0       2176   Library Totals
         4          0          0          0          0          0   (incl. Padding)

    ----------------------------------------------------------------------

      Code (inc. data)   RO Data    RW Data    ZI Data      Debug   Library Name

      2750        112          0          4          0       1372   mc_w.l
      1166          0          0          0          0        804   mf_w.l

    ----------------------------------------------------------------------
      3920        112          0          4          0       2176   Library Totals

    ----------------------------------------------------------------------

==============================================================================


      Code (inc. data)   RO Data    RW Data    ZI Data      Debug   

     23564        272       3084        136       8656     187134   Grand Totals
     23564        272       3084        136       8656     187134   ELF Image Totals
     23564        272       3084        136          0          0   ROM Totals

==============================================================================

    Total RO  Size (Code + RO Data)                26648 (  26.02kB)
    Total RW  Size (RW Data + ZI Data)              8792 (   8.59kB)
    Total ROM Size (Code + RO Data + RW Data)      26784 (  26.16kB)

==============================================================================

